<html>
<body>
<pre>
<h1>µVision Build Log</h1>
<h2>Tool Versions:</h2>
IDE-Version: µVision V5.40.0.0
Copyright (C) 2024 ARM Ltd and ARM Germany GmbH. All rights reserved.
License Information: John Travolta, JT, LIC=----
 
Tool Versions:
Toolchain:       MDK-Lite  Version: 5.40.0.3
Toolchain Path:  C:\Users\hraps\AppData\Local\Keil_v5\ARM\ARMCLANG\Bin
C Compiler:      ArmClang.exe V6.22
Assembler:       Armasm.exe V6.22
Linker/Locator:  ArmLink.exe V6.22
Library Manager: ArmAr.exe V6.22
Hex Converter:   FromElf.exe V6.22
CPU DLL:         SARMCM3.DLL V5.40.0.3
Dialog DLL:      DARMCM1.DLL V1.19.6.0
Target DLL:      Segger\JL2CM3.dll V2.99.44.0
Dialog DLL:      TARMCM1.DLL V1.14.6.0
 
<h2>Project:</h2>
C:\Users\hraps\Documents\GitHub\HFS-P3_DevKit\project\Keil_Project\MDK-ARM\HFS-P3_base_configured.uvprojx
Project File Date:  08/13/2024

<h2>Output:</h2>
*** Using Compiler 'V6.22', folder: 'C:\Users\hraps\AppData\Local\Keil_v5\ARM\ARMCLANG\Bin'
Build target 'HFS-P3_base_configured'
compiling oled_i2c.c...
linking...
Program Size: Code=5642 RO-data=2426 RW-data=12 ZI-data=4196  
FromELF: creating hex file...
".\Objects\HFS-P3_base_configured.axf" - 0 Error(s), 0 Warning(s).

<h2>Software Packages used:</h2>

Package Vendor: FMSH
                https://fmdevelopers.oss-cn-shanghai.aliyuncs.com/FMSH.FM33LC0XX_DFP.3.0.4.pack
                FMSH::FM33LC0XX_DFP@3.0.4
                FMSH FM33LC0XX Series Device Family Pack

<h2>Collection of Component include folders:</h2>
  C:/Users/hraps/AppData/Local/Arm/Packs/FMSH/FM33LC0XX_DFP/3.0.4/Device/Include

<h2>Collection of Component Files used:</h2>
Build Time Elapsed:  00:00:02
</pre>
</body>
</html>
