Component: Arm Compiler for Embedded 6.22 Tool: armlink [5ee90200]

==============================================================================

Section Cross References

    startup_fm33lc0xx.o(STACK) refers (Special) to heapauxi.o(.text) for __use_two_region_memory
    startup_fm33lc0xx.o(HEAP) refers (Special) to heapauxi.o(.text) for __use_two_region_memory
    startup_fm33lc0xx.o(RESET) refers (Special) to heapauxi.o(.text) for __use_two_region_memory
    startup_fm33lc0xx.o(RESET) refers to startup_fm33lc0xx.o(STACK) for __initial_sp
    startup_fm33lc0xx.o(RESET) refers to startup_fm33lc0xx.o(.text) for Reset_Handler
    startup_fm33lc0xx.o(RESET) refers to adc.o(.text.ADC_IRQHandler) for ADC_IRQHandler
    startup_fm33lc0xx.o(RESET) refers to mf_config.o(.text.HFDET_IRQHandler) for HFDET_IRQHandler
    startup_fm33lc0xx.o(RESET) refers to gpio_interrupt.o(.text.GPIO_IRQHandler) for GPIO_IRQHandler
    startup_fm33lc0xx.o(.text) refers (Special) to heapauxi.o(.text) for __use_two_region_memory
    startup_fm33lc0xx.o(.text) refers to system_fm33lc0xx.o(.text.SystemInit) for SystemInit
    startup_fm33lc0xx.o(.text) refers to __main.o(!!!main) for __main
    startup_fm33lc0xx.o(.text) refers to startup_fm33lc0xx.o(HEAP) for Heap_Mem
    startup_fm33lc0xx.o(.text) refers to startup_fm33lc0xx.o(STACK) for Stack_Mem
    mf_config.o(.text.MF_GPIO_Init) refers to fm33lc0xx_fl_gpio.o(.text.FL_GPIO_Init) for FL_GPIO_Init
    mf_config.o(.ARM.exidx.text.MF_GPIO_Init) refers to mf_config.o(.text.MF_GPIO_Init) for [Anonymous Symbol]
    mf_config.o(.text.MF_RCC_FOUT0_Init) refers to fm33lc0xx_fl_gpio.o(.text.FL_GPIO_Init) for FL_GPIO_Init
    mf_config.o(.ARM.exidx.text.MF_RCC_FOUT0_Init) refers to mf_config.o(.text.MF_RCC_FOUT0_Init) for [Anonymous Symbol]
    mf_config.o(.text.MF_ADC_Common_Init) refers to fm33lc0xx_fl_adc.o(.text.FL_ADC_CommonInit) for FL_ADC_CommonInit
    mf_config.o(.ARM.exidx.text.MF_ADC_Common_Init) refers to mf_config.o(.text.MF_ADC_Common_Init) for [Anonymous Symbol]
    mf_config.o(.text.MF_ADC_Sampling_Init) refers to fm33lc0xx_fl_gpio.o(.text.FL_GPIO_Init) for FL_GPIO_Init
    mf_config.o(.text.MF_ADC_Sampling_Init) refers to fm33lc0xx_fl_adc.o(.text.FL_ADC_Init) for FL_ADC_Init
    mf_config.o(.ARM.exidx.text.MF_ADC_Sampling_Init) refers to mf_config.o(.text.MF_ADC_Sampling_Init) for [Anonymous Symbol]
    mf_config.o(.text.MF_EXTI_Init) refers to fm33lc0xx_fl_exti.o(.text.FL_EXTI_CommonInit) for FL_EXTI_CommonInit
    mf_config.o(.ARM.exidx.text.MF_EXTI_Init) refers to mf_config.o(.text.MF_EXTI_Init) for [Anonymous Symbol]
    mf_config.o(.text.MF_EXTI_Line2_Init) refers to fm33lc0xx_fl_gpio.o(.text.FL_GPIO_Init) for FL_GPIO_Init
    mf_config.o(.text.MF_EXTI_Line2_Init) refers to fm33lc0xx_fl_exti.o(.text.FL_EXTI_Init) for FL_EXTI_Init
    mf_config.o(.ARM.exidx.text.MF_EXTI_Line2_Init) refers to mf_config.o(.text.MF_EXTI_Line2_Init) for [Anonymous Symbol]
    mf_config.o(.text.MF_EXTI_Line4_Init) refers to fm33lc0xx_fl_gpio.o(.text.FL_GPIO_Init) for FL_GPIO_Init
    mf_config.o(.text.MF_EXTI_Line4_Init) refers to fm33lc0xx_fl_exti.o(.text.FL_EXTI_Init) for FL_EXTI_Init
    mf_config.o(.ARM.exidx.text.MF_EXTI_Line4_Init) refers to mf_config.o(.text.MF_EXTI_Line4_Init) for [Anonymous Symbol]
    mf_config.o(.text.MF_EXTI_Line6_Init) refers to fm33lc0xx_fl_gpio.o(.text.FL_GPIO_Init) for FL_GPIO_Init
    mf_config.o(.text.MF_EXTI_Line6_Init) refers to fm33lc0xx_fl_exti.o(.text.FL_EXTI_Init) for FL_EXTI_Init
    mf_config.o(.ARM.exidx.text.MF_EXTI_Line6_Init) refers to mf_config.o(.text.MF_EXTI_Line6_Init) for [Anonymous Symbol]
    mf_config.o(.text.MF_EXTI_Line10_Init) refers to fm33lc0xx_fl_gpio.o(.text.FL_GPIO_Init) for FL_GPIO_Init
    mf_config.o(.text.MF_EXTI_Line10_Init) refers to fm33lc0xx_fl_exti.o(.text.FL_EXTI_Init) for FL_EXTI_Init
    mf_config.o(.ARM.exidx.text.MF_EXTI_Line10_Init) refers to mf_config.o(.text.MF_EXTI_Line10_Init) for [Anonymous Symbol]
    mf_config.o(.text.MF_SWD_IO_Init) refers to fm33lc0xx_fl_gpio.o(.text.FL_GPIO_Init) for FL_GPIO_Init
    mf_config.o(.ARM.exidx.text.MF_SWD_IO_Init) refers to mf_config.o(.text.MF_SWD_IO_Init) for [Anonymous Symbol]
    mf_config.o(.text.MF_NVIC_Init) refers to fm33lc0xx_fl.o(.text.FL_NVIC_Init) for FL_NVIC_Init
    mf_config.o(.ARM.exidx.text.MF_NVIC_Init) refers to mf_config.o(.text.MF_NVIC_Init) for [Anonymous Symbol]
    mf_config.o(.ARM.exidx.text.HFDET_IRQHandler) refers to mf_config.o(.text.HFDET_IRQHandler) for [Anonymous Symbol]
    mf_config.o(.text.MF_Clock_Init) refers to system_fm33lc0xx.o(.text.SystemCoreClockUpdate) for SystemCoreClockUpdate
    mf_config.o(.text.MF_Clock_Init) refers to fm33lc0xx_fl_gpio.o(.text.FL_GPIO_Init) for FL_GPIO_Init
    mf_config.o(.ARM.exidx.text.MF_Clock_Init) refers to mf_config.o(.text.MF_Clock_Init) for [Anonymous Symbol]
    mf_config.o(.text.MF_Config_Init) refers to mf_config.o(.text.MF_GPIO_Init) for MF_GPIO_Init
[...]
    ../clib/angel/rt.s                       0x00000000   Number         0  rt_div0.o ABSOLUTE
    ../clib/angel/rt.s                       0x00000000   Number         0  rt_locale.o ABSOLUTE
    ../clib/angel/rt.s                       0x00000000   Number         0  rt_locale_intlibspace.o ABSOLUTE
    ../clib/angel/rt.s                       0x00000000   Number         0  rt_raise.o ABSOLUTE
    ../clib/angel/scatterp.s                 0x00000000   Number         0  __scatter.o ABSOLUTE
    ../clib/angel/startup.s                  0x00000000   Number         0  __main.o ABSOLUTE
    ../clib/angel/sys.s                      0x00000000   Number         0  libspace.o ABSOLUTE
    ../clib/angel/sys.s                      0x00000000   Number         0  sys_stackheap_outer.o ABSOLUTE
    ../clib/angel/sys.s                      0x00000000   Number         0  tempstk.o ABSOLUTE
    ../clib/angel/sys.s                      0x00000000   Number         0  use_no_semi.o ABSOLUTE
    ../clib/angel/sys.s                      0x00000000   Number         0  indicate_semi.o ABSOLUTE
    ../clib/angel/sysapp.c                   0x00000000   Number         0  sys_exit.o ABSOLUTE
    ../clib/angel/sysapp.c                   0x00000000   Number         0  sys_exit_hlt.o ABSOLUTE
    ../clib/angel/sysapp.c                   0x00000000   Number         0  sys_wrch.o ABSOLUTE
    ../clib/angel/sysapp.c                   0x00000000   Number         0  sys_command.o ABSOLUTE
    ../clib/angel/sysapp.c                   0x00000000   Number         0  sys_wrch_hlt.o ABSOLUTE
    ../clib/angel/sysapp.c                   0x00000000   Number         0  sys_command_hlt.o ABSOLUTE
    ../clib/armsys.c                         0x00000000   Number         0  argv_veneer.o ABSOLUTE
    ../clib/armsys.c                         0x00000000   Number         0  _get_argv_nomalloc.o ABSOLUTE
    ../clib/armsys.c                         0x00000000   Number         0  no_argv.o ABSOLUTE
    ../clib/bigflt.c                         0x00000000   Number         0  bigflt0.o ABSOLUTE
    ../clib/btod.c                           0x00000000   Number         0  btod.o ABSOLUTE
    ../clib/btod_accurate.c                  0x00000000   Number         0  btod_accurate.o ABSOLUTE
    ../clib/btod_accurate.c                  0x00000000   Number         0  btod_accurate_common.o ABSOLUTE
    ../clib/division.c                       0x00000000   Number         0  lludiv.o ABSOLUTE
    ../clib/division.c                       0x00000000   Number         0  lludiv10.o ABSOLUTE
    ../clib/division.c                       0x00000000   Number         0  rtudiv10.o ABSOLUTE
    ../clib/division.s                       0x00000000   Number         0  aeabi_sdivfast.o ABSOLUTE
    ../clib/division.s                       0x00000000   Number         0  aeabi_sdivfast_div0.o ABSOLUTE
    ../clib/heapalloc.c                      0x00000000   Number         0  hrguard.o ABSOLUTE
    ../clib/heapaux.c                        0x00000000   Number         0  heapauxi.o ABSOLUTE
    ../clib/libinit.s                        0x00000000   Number         0  libinit.o ABSOLUTE
    ../clib/libinit.s                        0x00000000   Number         0  libinit2.o ABSOLUTE
    ../clib/libinit.s                        0x00000000   Number         0  libshutdown.o ABSOLUTE
    ../clib/libinit.s                        0x00000000   Number         0  libshutdown2.o ABSOLUTE
    ../clib/locale.s                         0x00000000   Number         0  lc_numeric_c.o ABSOLUTE
    ../clib/longlong.c                       0x00000000   Number         0  llmul.o ABSOLUTE
    ../clib/longlong.c                       0x00000000   Number         0  llushr.o ABSOLUTE
    ../clib/memcpset.c                       0x00000000   Number         0  rt_memclr.o ABSOLUTE
    ../clib/memcpset.s                       0x00000000   Number         0  strcmpv6m.o ABSOLUTE
    ../clib/misc.s                           0x00000000   Number         0  printf_stubs.o ABSOLUTE
    ../clib/printf.c                         0x00000000   Number         0  __2snprintf.o ABSOLUTE
    ../clib/printf.c                         0x00000000   Number         0  noretval__2snprintf.o ABSOLUTE
    ../clib/printf.c                         0x00000000   Number         0  __printf.o ABSOLUTE
    ../clib/printf.c                         0x00000000   Number         0  __printf_flags.o ABSOLUTE
    ../clib/printf.c                         0x00000000   Number         0  __printf_ss.o ABSOLUTE
    ../clib/printf.c                         0x00000000   Number         0  __printf_flags_ss.o ABSOLUTE
    ../clib/printf.c                         0x00000000   Number         0  __printf_wp.o ABSOLUTE
    ../clib/printf.c                         0x00000000   Number         0  __printf_flags_wp.o ABSOLUTE
    ../clib/printf.c                         0x00000000   Number         0  __printf_ss_wp.o ABSOLUTE
    ../clib/printf.c                         0x00000000   Number         0  __printf_flags_ss_wp.o ABSOLUTE
    ../clib/printf.c                         0x00000000   Number         0  _printf_fp_dec.o ABSOLUTE
    ../clib/printf.c                         0x00000000   Number         0  _printf_fp_dec_accurate.o ABSOLUTE
    ../clib/printf.c                         0x00000000   Number         0  _printf_char_common.o ABSOLUTE
    ../clib/printf.c                         0x00000000   Number         0  _snputc.o ABSOLUTE
    ../clib/printf.c                         0x00000000   Number         0  _printf_fp_infnan.o ABSOLUTE
    ../clib/printf.c                         0x00000000   Number         0  __printf_nopercent.o ABSOLUTE
    ../clib/printf_percent.s                 0x00000000   Number         0  _printf_f.o ABSOLUTE
    ../clib/printf_percent.s                 0x00000000   Number         0  _printf_percent.o ABSOLUTE
    ../clib/printf_percent.s                 0x00000000   Number         0  _printf_percent_end.o ABSOLUTE
    ../clib/signal.c                         0x00000000   Number         0  defsig_fpe_outer.o ABSOLUTE
    ../clib/signal.c                         0x00000000   Number         0  defsig_fpe_formal.o ABSOLUTE
    ../clib/signal.c                         0x00000000   Number         0  defsig_exit.o ABSOLUTE
    ../clib/signal.c                         0x00000000   Number         0  defsig_fpe_inner.o ABSOLUTE
    ../clib/signal.c                         0x00000000   Number         0  __raise.o ABSOLUTE
    ../clib/signal.c                         0x00000000   Number         0  defsig_general.o ABSOLUTE
    ../clib/signal.c                         0x00000000   Number         0  defsig_rtmem_outer.o ABSOLUTE
    ../clib/signal.c                         0x00000000   Number         0  defsig_rtmem_formal.o ABSOLUTE
    ../clib/signal.c                         0x00000000   Number         0  defsig_abrt_inner.o ABSOLUTE
    ../clib/signal.c                         0x00000000   Number         0  defsig_rtred_inner.o ABSOLUTE
    ../clib/signal.c                         0x00000000   Number         0  defsig_rtmem_inner.o ABSOLUTE
    ../clib/signal.c                         0x00000000   Number         0  defsig_stak_inner.o ABSOLUTE
    ../clib/signal.c                         0x00000000   Number         0  defsig_pvfn_inner.o ABSOLUTE
    ../clib/signal.c                         0x00000000   Number         0  defsig_cppl_inner.o ABSOLUTE
    ../clib/signal.c                         0x00000000   Number         0  defsig_segv_inner.o ABSOLUTE
    ../clib/signal.c                         0x00000000   Number         0  defsig_other.o ABSOLUTE
    ../clib/signal.s                         0x00000000   Number         0  defsig.o ABSOLUTE
    ../clib/stdlib.c                         0x00000000   Number         0  exit.o ABSOLUTE
    ../fplib/cfplib/cmp.c                    0x00000000   Number         0  fcmp.o ABSOLUTE
    ../fplib/cfplib/cmpret.c                 0x00000000   Number         0  cmpret.o ABSOLUTE
    ../fplib/cfplib/d2f.c                    0x00000000   Number         0  d2f.o ABSOLUTE
    ../fplib/cfplib/daddsub.c                0x00000000   Number         0  daddsub.o ABSOLUTE
    ../fplib/cfplib/ddiv.c                   0x00000000   Number         0  ddiv.o ABSOLUTE
    ../fplib/cfplib/dmul.c                   0x00000000   Number         0  dmul.o ABSOLUTE
    ../fplib/cfplib/f2d.c                    0x00000000   Number         0  f2d.o ABSOLUTE
    ../fplib/cfplib/fcmpin.c                 0x00000000   Number         0  fcmpin.o ABSOLUTE
    ../fplib/cfplib/fdiv.c                   0x00000000   Number         0  fdiv.o ABSOLUTE
    ../fplib/cfplib/ffix.c                   0x00000000   Number         0  dfixui.o ABSOLUTE
    ../fplib/cfplib/fflt.c                   0x00000000   Number         0  dflti.o ABSOLUTE
    ../fplib/cfplib/fflt.c                   0x00000000   Number         0  fflti.o ABSOLUTE
    ../fplib/cfplib/fpinit.c                 0x00000000   Number         0  fpinit.o ABSOLUTE
    ../fplib/cfplib/ieee_status.c            0x00000000   Number         0  ieee_status.o ABSOLUTE
    ../fplib/cfplib/nan2.c                   0x00000000   Number         0  fnan2.o ABSOLUTE
    ../fplib/cfplib/retnan.c                 0x00000000   Number         0  retnan.o ABSOLUTE
    ../fplib/feqf6m.s                        0x00000000   Number         0  feqf.o ABSOLUTE
    ../fplib/fgeqf6m.s                       0x00000000   Number         0  fgef.o ABSOLUTE
    ../fplib/fleqf6m.s                       0x00000000   Number         0  flef.o ABSOLUTE
    ../fplib/fmul6m.s                        0x00000000   Number         0  fmul.o ABSOLUTE
    ../fplib/printf1.s                       0x00000000   Number         0  printf1.o ABSOLUTE
    ../fplib/usenofp.s                       0x00000000   Number         0  usenofp.o ABSOLUTE
    ../mathlib/fpclassify.c                  0x00000000   Number         0  fpclassify.o ABSOLUTE
    adc.c                                    0x00000000   Number         0  adc.o ABSOLUTE
    batt.c                                   0x00000000   Number         0  batt.o ABSOLUTE
    buzzer.c                                 0x00000000   Number         0  buzzer.o ABSOLUTE
    dc.s                                     0x00000000   Number         0  dc.o ABSOLUTE
    fm33lc0xx_fl.c                           0x00000000   Number         0  fm33lc0xx_fl.o ABSOLUTE
    fm33lc0xx_fl_adc.c                       0x00000000   Number         0  fm33lc0xx_fl_adc.o ABSOLUTE
    fm33lc0xx_fl_aes.c                       0x00000000   Number         0  fm33lc0xx_fl_aes.o ABSOLUTE
    fm33lc0xx_fl_atim.c                      0x00000000   Number         0  fm33lc0xx_fl_atim.o ABSOLUTE
    fm33lc0xx_fl_bstim32.c                   0x00000000   Number         0  fm33lc0xx_fl_bstim32.o ABSOLUTE
    fm33lc0xx_fl_comp.c                      0x00000000   Number         0  fm33lc0xx_fl_comp.o ABSOLUTE
    fm33lc0xx_fl_crc.c                       0x00000000   Number         0  fm33lc0xx_fl_crc.o ABSOLUTE
    fm33lc0xx_fl_divas.c                     0x00000000   Number         0  fm33lc0xx_fl_divas.o ABSOLUTE
    fm33lc0xx_fl_dma.c                       0x00000000   Number         0  fm33lc0xx_fl_dma.o ABSOLUTE
    fm33lc0xx_fl_exti.c                      0x00000000   Number         0  fm33lc0xx_fl_exti.o ABSOLUTE
    fm33lc0xx_fl_flash.c                     0x00000000   Number         0  fm33lc0xx_fl_flash.o ABSOLUTE
    fm33lc0xx_fl_gpio.c                      0x00000000   Number         0  fm33lc0xx_fl_gpio.o ABSOLUTE
    fm33lc0xx_fl_gptim.c                     0x00000000   Number         0  fm33lc0xx_fl_gptim.o ABSOLUTE
    fm33lc0xx_fl_i2c.c                       0x00000000   Number         0  fm33lc0xx_fl_i2c.o ABSOLUTE
    fm33lc0xx_fl_iwdt.c                      0x00000000   Number         0  fm33lc0xx_fl_iwdt.o ABSOLUTE
    fm33lc0xx_fl_lcd.c                       0x00000000   Number         0  fm33lc0xx_fl_lcd.o ABSOLUTE
    fm33lc0xx_fl_lptim32.c                   0x00000000   Number         0  fm33lc0xx_fl_lptim32.o ABSOLUTE
    fm33lc0xx_fl_lpuart.c                    0x00000000   Number         0  fm33lc0xx_fl_lpuart.o ABSOLUTE
    fm33lc0xx_fl_opa.c                       0x00000000   Number         0  fm33lc0xx_fl_opa.o ABSOLUTE
    fm33lc0xx_fl_pmu.c                       0x00000000   Number         0  fm33lc0xx_fl_pmu.o ABSOLUTE
    fm33lc0xx_fl_rcc.c                       0x00000000   Number         0  fm33lc0xx_fl_rcc.o ABSOLUTE
    fm33lc0xx_fl_rng.c                       0x00000000   Number         0  fm33lc0xx_fl_rng.o ABSOLUTE
    fm33lc0xx_fl_rtc.c                       0x00000000   Number         0  fm33lc0xx_fl_rtc.o ABSOLUTE
    fm33lc0xx_fl_spi.c                       0x00000000   Number         0  fm33lc0xx_fl_spi.o ABSOLUTE
    fm33lc0xx_fl_svd.c                       0x00000000   Number         0  fm33lc0xx_fl_svd.o ABSOLUTE
    fm33lc0xx_fl_u7816.c                     0x00000000   Number         0  fm33lc0xx_fl_u7816.o ABSOLUTE
    fm33lc0xx_fl_uart.c                      0x00000000   Number         0  fm33lc0xx_fl_uart.o ABSOLUTE
    fm33lc0xx_fl_wwdt.c                      0x00000000   Number         0  fm33lc0xx_fl_wwdt.o ABSOLUTE
    gpio_interrupt.c                         0x00000000   Number         0  gpio_interrupt.o ABSOLUTE
    i2c_bitbang.c                            0x00000000   Number         0  i2c_bitbang.o ABSOLUTE
    main.c                                   0x00000000   Number         0  main.o ABSOLUTE
    mf_config.c                              0x00000000   Number         0  mf_config.o ABSOLUTE
    oled_draw.c                              0x00000000   Number         0  oled_draw.o ABSOLUTE
    oled_i2c.c                               0x00000000   Number         0  oled_i2c.o ABSOLUTE
    system_fm33lc0xx.c                       0x00000000   Number         0  system_fm33lc0xx.o ABSOLUTE
    temp.c                                   0x00000000   Number         0  temp.o ABSOLUTE
    RESET                                    0x00000000   Section      192  startup_fm33lc0xx.o(RESET)
    !!!main                                  0x000000c0   Section        8  __main.o(!!!main)
    !!!scatter                               0x000000c8   Section       84  __scatter.o(!!!scatter)
    !!handler_copy                           0x0000011c   Section       26  __scatter_copy.o(!!handler_copy)
    !!handler_null                           0x00000138   Section        2  __scatter.o(!!handler_null)
    !!handler_zi                             0x0000013c   Section       28  __scatter_zi.o(!!handler_zi)
    .ARM.Collect$$_printf_percent$$00000000  0x00000158   Section        2  _printf_percent.o(.ARM.Collect$$_printf_percent$$00000000)
    .ARM.Collect$$_printf_percent$$00000003  0x0000015a   Section       10  _printf_f.o(.ARM.Collect$$_printf_percent$$00000003)
    .ARM.Collect$$_printf_percent$$00000017  0x00000164   Section        4  _printf_percent_end.o(.ARM.Collect$$_printf_percent$$00000017)
    .ARM.Collect$$libinit$$00000000          0x00000168   Section        2  libinit.o(.ARM.Collect$$libinit$$00000000)
    .ARM.Collect$$libinit$$00000002          0x0000016a   Section        0  libinit2.o(.ARM.Collect$$libinit$$00000002)
    .ARM.Collect$$libinit$$00000004          0x0000016a   Section        0  libinit2.o(.ARM.Collect$$libinit$$00000004)
    .ARM.Collect$$libinit$$00000006          0x0000016a   Section        0  libinit2.o(.ARM.Collect$$libinit$$00000006)
    .ARM.Collect$$libinit$$0000000C          0x0000016a   Section        0  libinit2.o(.ARM.Collect$$libinit$$0000000C)
    .ARM.Collect$$libinit$$0000000E          0x0000016a   Section        0  libinit2.o(.ARM.Collect$$libinit$$0000000E)
    .ARM.Collect$$libinit$$00000010          0x0000016a   Section        0  libinit2.o(.ARM.Collect$$libinit$$00000010)
    .ARM.Collect$$libinit$$00000011          0x0000016a   Section        6  libinit2.o(.ARM.Collect$$libinit$$00000011)
    .ARM.Collect$$libinit$$00000013          0x00000170   Section        0  libinit2.o(.ARM.Collect$$libinit$$00000013)
    .ARM.Collect$$libinit$$00000015          0x00000170   Section        0  libinit2.o(.ARM.Collect$$libinit$$00000015)
    .ARM.Collect$$libinit$$00000017          0x00000170   Section        0  libinit2.o(.ARM.Collect$$libinit$$00000017)
    .ARM.Collect$$libinit$$00000018          0x00000170   Section       10  libinit2.o(.ARM.Collect$$libinit$$00000018)
    .ARM.Collect$$libinit$$00000019          0x0000017a   Section        0  libinit2.o(.ARM.Collect$$libinit$$00000019)
    .ARM.Collect$$libinit$$0000001B          0x0000017a   Section        0  libinit2.o(.ARM.Collect$$libinit$$0000001B)
    .ARM.Collect$$libinit$$0000001D          0x0000017a   Section        0  libinit2.o(.ARM.Collect$$libinit$$0000001D)
    .ARM.Collect$$libinit$$0000001F          0x0000017a   Section        0  libinit2.o(.ARM.Collect$$libinit$$0000001F)
    .ARM.Collect$$libinit$$00000021          0x0000017a   Section        0  libinit2.o(.ARM.Collect$$libinit$$00000021)
    .ARM.Collect$$libinit$$00000023          0x0000017a   Section        0  libinit2.o(.ARM.Collect$$libinit$$00000023)
    .ARM.Collect$$libinit$$00000025          0x0000017a   Section        0  libinit2.o(.ARM.Collect$$libinit$$00000025)
    .ARM.Collect$$libinit$$00000027          0x0000017a   Section        0  libinit2.o(.ARM.Collect$$libinit$$00000027)
    .ARM.Collect$$libinit$$0000002E          0x0000017a   Section        0  libinit2.o(.ARM.Collect$$libinit$$0000002E)
    .ARM.Collect$$libinit$$00000030          0x0000017a   Section        0  libinit2.o(.ARM.Collect$$libinit$$00000030)
    .ARM.Collect$$libinit$$00000032          0x0000017a   Section        0  libinit2.o(.ARM.Collect$$libinit$$00000032)
    .ARM.Collect$$libinit$$00000034          0x0000017a   Section        0  libinit2.o(.ARM.Collect$$libinit$$00000034)
    .ARM.Collect$$libinit$$00000035          0x0000017a   Section        2  libinit2.o(.ARM.Collect$$libinit$$00000035)
    .ARM.Collect$$libshutdown$$00000000      0x0000017c   Section        2  libshutdown.o(.ARM.Collect$$libshutdown$$00000000)
    .ARM.Collect$$libshutdown$$00000002      0x0000017e   Section        0  libshutdown2.o(.ARM.Collect$$libshutdown$$00000002)
    .ARM.Collect$$libshutdown$$00000004      0x0000017e   Section        0  libshutdown2.o(.ARM.Collect$$libshutdown$$00000004)
    .ARM.Collect$$libshutdown$$00000007      0x0000017e   Section        0  libshutdown2.o(.ARM.Collect$$libshutdown$$00000007)
    .ARM.Collect$$libshutdown$$0000000A      0x0000017e   Section        0  libshutdown2.o(.ARM.Collect$$libshutdown$$0000000A)
    .ARM.Collect$$libshutdown$$0000000C      0x0000017e   Section        0  libshutdown2.o(.ARM.Collect$$libshutdown$$0000000C)
    .ARM.Collect$$libshutdown$$0000000F      0x0000017e   Section        0  libshutdown2.o(.ARM.Collect$$libshutdown$$0000000F)
    .ARM.Collect$$libshutdown$$00000010      0x0000017e   Section        2  libshutdown2.o(.ARM.Collect$$libshutdown$$00000010)
    .ARM.Collect$$rtentry$$00000000          0x00000180   Section        0  __rtentry.o(.ARM.Collect$$rtentry$$00000000)
    .ARM.Collect$$rtentry$$00000002          0x00000180   Section        0  __rtentry2.o(.ARM.Collect$$rtentry$$00000002)
    .ARM.Collect$$rtentry$$00000004          0x00000180   Section        6  __rtentry4.o(.ARM.Collect$$rtentry$$00000004)
    .ARM.Collect$$rtentry$$00000009          0x00000186   Section        0  __rtentry2.o(.ARM.Collect$$rtentry$$00000009)
    .ARM.Collect$$rtentry$$0000000A          0x00000186   Section        4  __rtentry2.o(.ARM.Collect$$rtentry$$0000000A)
    .ARM.Collect$$rtentry$$0000000C          0x0000018a   Section        0  __rtentry2.o(.ARM.Collect$$rtentry$$0000000C)
    .ARM.Collect$$rtentry$$0000000D          0x0000018a   Section        8  __rtentry2.o(.ARM.Collect$$rtentry$$0000000D)
    .ARM.Collect$$rtexit$$00000000           0x00000192   Section        2  rtexit.o(.ARM.Collect$$rtexit$$00000000)
    .ARM.Collect$$rtexit$$00000002           0x00000194   Section        0  rtexit2.o(.ARM.Collect$$rtexit$$00000002)
    .ARM.Collect$$rtexit$$00000003           0x00000194   Section        4  rtexit2.o(.ARM.Collect$$rtexit$$00000003)
    .ARM.Collect$$rtexit$$00000004           0x00000198   Section        6  rtexit2.o(.ARM.Collect$$rtexit$$00000004)
    .text                                    0x000001a0   Section       56  startup_fm33lc0xx.o(.text)
    .text                                    0x000001d8   Section        0  llmul.o(.text)
    .text                                    0x00000208   Section        0  lludiv.o(.text)
    .text                                    0x00000318   Section        0  noretval__2snprintf.o(.text)
    .text                                    0x00000358   Section        0  __printf_wp.o(.text)
    .text                                    0x00000468   Section      504  aeabi_sdivfast.o(.text)
    .text                                    0x00000660   Section        0  heapauxi.o(.text)
    .text                                    0x00000668   Section        0  d2f.o(.text)
    _dadd1                                   0x000006e5   Thumb Code   290  daddsub.o(.text)
    .text                                    0x000006e4   Section        0  daddsub.o(.text)
    _dsub1                                   0x00000807   Thumb Code   470  daddsub.o(.text)
    .text                                    0x00000a3c   Section        0  ddiv.o(.text)
    .text                                    0x00000e84   Section        0  dflti.o(.text)
    .text                                    0x00000edc   Section        0  f2d.o(.text)
    .text                                    0x00000f30   Section        0  fdiv.o(.text)
    .text                                    0x00001090   Section        0  fflti.o(.text)
    _fp_digits                               0x000010f1   Thumb Code   412  _printf_fp_dec.o(.text)
    .text                                    0x000010f0   Section        0  _printf_fp_dec.o(.text)
    _printf_input_char                       0x00001505   Thumb Code    10  _printf_char_common.o(.text)
    .text                                    0x00001504   Section        0  _printf_char_common.o(.text)
    .text                                    0x00001534   Section        0  _snputc.o(.text)
    .text                                    0x00001544   Section        8  rt_locale_intlibspace.o(.text)
    .text                                    0x0000154c   Section        0  lludiv10.o(.text)
    .text                                    0x000015c8   Section        0  _printf_fp_infnan.o(.text)
    .text                                    0x00001650   Section        0  bigflt0.o(.text)
    .text                                    0x00001728   Section        0  btod.o(.text)
    btod_internal_mul                        0x00001769   Thumb Code   492  btod.o(.text)
    btod_internal_div                        0x00001955   Thumb Code   520  btod.o(.text)
    .text                                    0x00001ca8   Section        0  rtudiv10.o(.text)
    .text                                    0x00001cd0   Section        8  libspace.o(.text)
    .text                                    0x00001cd8   Section       62  sys_stackheap_outer.o(.text)
    .text                                    0x00001d16   Section        0  exit.o(.text)
    .text                                    0x00001d28   Section      176  strcmpv6m.o(.text)
    .text                                    0x00001dd8   Section        0  sys_exit.o(.text)
    .text                                    0x00001de4   Section        2  use_no_semi.o(.text)
    .text                                    0x00001de6   Section        0  indicate_semi.o(.text)
    [Anonymous Symbol]                       0x00001de8   Section        0  adc.o(.text.ADC_IRQHandler)
    __arm_cp.0_1                             0x00001e00   Number         4  adc.o(.text.ADC_IRQHandler)
    [Anonymous Symbol]                       0x00001e04   Section        0  fm33lc0xx_fl_adc.o(.text.FL_ADC_CommonInit)
    __arm_cp.1_0                             0x00001e54   Number         4  fm33lc0xx_fl_adc.o(.text.FL_ADC_CommonInit)
    [Anonymous Symbol]                       0x00001e58   Section        0  fm33lc0xx_fl_adc.o(.text.FL_ADC_Init)
    __arm_cp.4_0                             0x00002000   Number         4  fm33lc0xx_fl_adc.o(.text.FL_ADC_Init)
    __arm_cp.4_1                             0x00002004   Number         4  fm33lc0xx_fl_adc.o(.text.FL_ADC_Init)
    __arm_cp.4_2                             0x00002008   Number         4  fm33lc0xx_fl_adc.o(.text.FL_ADC_Init)
    __arm_cp.4_3                             0x0000200c   Number         4  fm33lc0xx_fl_adc.o(.text.FL_ADC_Init)
    __arm_cp.4_4                             0x00002010   Number         4  fm33lc0xx_fl_adc.o(.text.FL_ADC_Init)
    [Anonymous Symbol]                       0x00002014   Section        0  fm33lc0xx_fl.o(.text.FL_DelayInit)
    [Anonymous Symbol]                       0x00002028   Section        0  fm33lc0xx_fl.o(.text.FL_DelayMs)
    [Anonymous Symbol]                       0x00002040   Section        0  fm33lc0xx_fl.o(.text.FL_DelayUs)
    __arm_cp.1_2                             0x0000206c   Number         4  fm33lc0xx_fl.o(.text.FL_DelayUs)
    [Anonymous Symbol]                       0x00002070   Section        0  fm33lc0xx_fl_exti.o(.text.FL_EXTI_CommonInit)
    __arm_cp.0_0                             0x000020a0   Number         4  fm33lc0xx_fl_exti.o(.text.FL_EXTI_CommonInit)
    __arm_cp.0_1                             0x000020a4   Number         4  fm33lc0xx_fl_exti.o(.text.FL_EXTI_CommonInit)
    [Anonymous Symbol]                       0x000020a8   Section        0  fm33lc0xx_fl_exti.o(.text.FL_EXTI_Init)
    __arm_cp.3_0                             0x000021ec   Number         4  fm33lc0xx_fl_exti.o(.text.FL_EXTI_Init)
    __arm_cp.3_1                             0x000021f0   Number         4  fm33lc0xx_fl_exti.o(.text.FL_EXTI_Init)
    __arm_cp.3_2                             0x000021f4   Number         4  fm33lc0xx_fl_exti.o(.text.FL_EXTI_Init)
    __arm_cp.3_3                             0x000021f8   Number         4  fm33lc0xx_fl_exti.o(.text.FL_EXTI_Init)
    __arm_cp.3_4                             0x000021fc   Number         4  fm33lc0xx_fl_exti.o(.text.FL_EXTI_Init)
    setExtiLineFuncs                         0x00002200   Number         0  fm33lc0xx_fl_exti.o(.text.FL_EXTI_Init)
    __arm_cp.3_6                             0x0000223c   Number         4  fm33lc0xx_fl_exti.o(.text.FL_EXTI_Init)
    __arm_cp.3_7                             0x00002240   Number         4  fm33lc0xx_fl_exti.o(.text.FL_EXTI_Init)
    [Anonymous Symbol]                       0x00002244   Section        0  fm33lc0xx_fl_gpio.o(.text.FL_GPIO_Init)
    __arm_cp.1_0                             0x0000232c   Number         4  fm33lc0xx_fl_gpio.o(.text.FL_GPIO_Init)
    __arm_cp.1_1                             0x00002330   Number         4  fm33lc0xx_fl_gpio.o(.text.FL_GPIO_Init)
    __arm_cp.1_2                             0x00002334   Number         4  fm33lc0xx_fl_gpio.o(.text.FL_GPIO_Init)
    FL_GPIO_SetExtiLine0                     0x00002339   Thumb Code    12  fm33lc0xx_fl_exti.o(.text.FL_GPIO_SetExtiLine0)
    [Anonymous Symbol]                       0x00002338   Section        0  fm33lc0xx_fl_exti.o(.text.FL_GPIO_SetExtiLine0)
    FL_GPIO_SetExtiLine1                     0x00002345   Thumb Code    12  fm33lc0xx_fl_exti.o(.text.FL_GPIO_SetExtiLine1)
    [Anonymous Symbol]                       0x00002344   Section        0  fm33lc0xx_fl_exti.o(.text.FL_GPIO_SetExtiLine1)
    FL_GPIO_SetExtiLine10                    0x00002351   Thumb Code    14  fm33lc0xx_fl_exti.o(.text.FL_GPIO_SetExtiLine10)
    [Anonymous Symbol]                       0x00002350   Section        0  fm33lc0xx_fl_exti.o(.text.FL_GPIO_SetExtiLine10)
    FL_GPIO_SetExtiLine11                    0x0000235f   Thumb Code    14  fm33lc0xx_fl_exti.o(.text.FL_GPIO_SetExtiLine11)
    [Anonymous Symbol]                       0x0000235e   Section        0  fm33lc0xx_fl_exti.o(.text.FL_GPIO_SetExtiLine11)
    FL_GPIO_SetExtiLine12                    0x0000236d   Thumb Code    14  fm33lc0xx_fl_exti.o(.text.FL_GPIO_SetExtiLine12)
    [Anonymous Symbol]                       0x0000236c   Section        0  fm33lc0xx_fl_exti.o(.text.FL_GPIO_SetExtiLine12)
    FL_GPIO_SetExtiLine13                    0x0000237b   Thumb Code    14  fm33lc0xx_fl_exti.o(.text.FL_GPIO_SetExtiLine13)
    [Anonymous Symbol]                       0x0000237a   Section        0  fm33lc0xx_fl_exti.o(.text.FL_GPIO_SetExtiLine13)
    FL_GPIO_SetExtiLine14                    0x00002389   Thumb Code    14  fm33lc0xx_fl_exti.o(.text.FL_GPIO_SetExtiLine14)
    [Anonymous Symbol]                       0x00002388   Section        0  fm33lc0xx_fl_exti.o(.text.FL_GPIO_SetExtiLine14)
    FL_GPIO_SetExtiLine2                     0x00002397   Thumb Code    12  fm33lc0xx_fl_exti.o(.text.FL_GPIO_SetExtiLine2)
    [Anonymous Symbol]                       0x00002396   Section        0  fm33lc0xx_fl_exti.o(.text.FL_GPIO_SetExtiLine2)
    FL_GPIO_SetExtiLine3                     0x000023a3   Thumb Code    12  fm33lc0xx_fl_exti.o(.text.FL_GPIO_SetExtiLine3)
    [Anonymous Symbol]                       0x000023a2   Section        0  fm33lc0xx_fl_exti.o(.text.FL_GPIO_SetExtiLine3)
    FL_GPIO_SetExtiLine4                     0x000023af   Thumb Code    14  fm33lc0xx_fl_exti.o(.text.FL_GPIO_SetExtiLine4)
    [Anonymous Symbol]                       0x000023ae   Section        0  fm33lc0xx_fl_exti.o(.text.FL_GPIO_SetExtiLine4)
    FL_GPIO_SetExtiLine5                     0x000023bd   Thumb Code    14  fm33lc0xx_fl_exti.o(.text.FL_GPIO_SetExtiLine5)
    [Anonymous Symbol]                       0x000023bc   Section        0  fm33lc0xx_fl_exti.o(.text.FL_GPIO_SetExtiLine5)
    FL_GPIO_SetExtiLine6                     0x000023cb   Thumb Code    14  fm33lc0xx_fl_exti.o(.text.FL_GPIO_SetExtiLine6)
    [Anonymous Symbol]                       0x000023ca   Section        0  fm33lc0xx_fl_exti.o(.text.FL_GPIO_SetExtiLine6)
    FL_GPIO_SetExtiLine7                     0x000023d9   Thumb Code    14  fm33lc0xx_fl_exti.o(.text.FL_GPIO_SetExtiLine7)
    [Anonymous Symbol]                       0x000023d8   Section        0  fm33lc0xx_fl_exti.o(.text.FL_GPIO_SetExtiLine7)
    FL_GPIO_SetExtiLine8                     0x000023e7   Thumb Code    14  fm33lc0xx_fl_exti.o(.text.FL_GPIO_SetExtiLine8)
    [Anonymous Symbol]                       0x000023e6   Section        0  fm33lc0xx_fl_exti.o(.text.FL_GPIO_SetExtiLine8)
    FL_GPIO_SetExtiLine9                     0x000023f5   Thumb Code    14  fm33lc0xx_fl_exti.o(.text.FL_GPIO_SetExtiLine9)
    [Anonymous Symbol]                       0x000023f4   Section        0  fm33lc0xx_fl_exti.o(.text.FL_GPIO_SetExtiLine9)
    [Anonymous Symbol]                       0x00002402   Section        0  fm33lc0xx_fl.o(.text.FL_Init)
    [Anonymous Symbol]                       0x0000240c   Section        0  fm33lc0xx_fl.o(.text.FL_NVIC_Init)
    __arm_cp.7_0                             0x0000246c   Number         4  fm33lc0xx_fl.o(.text.FL_NVIC_Init)
    __arm_cp.7_1                             0x00002470   Number         4  fm33lc0xx_fl.o(.text.FL_NVIC_Init)
    __arm_cp.7_2                             0x00002474   Number         4  fm33lc0xx_fl.o(.text.FL_NVIC_Init)
    __arm_cp.7_3                             0x00002478   Number         4  fm33lc0xx_fl.o(.text.FL_NVIC_Init)
    [Anonymous Symbol]                       0x0000247c   Section        0  gpio_interrupt.o(.text.GPIO_IRQHandler)
    __arm_cp.0_1                             0x0000252c   Number         4  gpio_interrupt.o(.text.GPIO_IRQHandler)
    [Anonymous Symbol]                       0x00002530   Section        0  temp.o(.text.GetTS_IRQ)
    __arm_cp.0_0                             0x00002654   Number         4  temp.o(.text.GetTS_IRQ)
    __arm_cp.0_1                             0x00002658   Number         4  temp.o(.text.GetTS_IRQ)
    __arm_cp.0_2                             0x0000265c   Number         4  temp.o(.text.GetTS_IRQ)
    __arm_cp.0_3                             0x00002660   Number         4  temp.o(.text.GetTS_IRQ)
    __arm_cp.0_4                             0x00002664   Number         4  temp.o(.text.GetTS_IRQ)
    __arm_cp.0_5                             0x00002668   Number         4  temp.o(.text.GetTS_IRQ)
    __arm_cp.0_6                             0x0000266c   Number         4  temp.o(.text.GetTS_IRQ)
    __arm_cp.0_7                             0x00002670   Number         4  temp.o(.text.GetTS_IRQ)
    __arm_cp.0_8                             0x00002674   Number         4  temp.o(.text.GetTS_IRQ)
    __arm_cp.0_9                             0x00002678   Number         4  temp.o(.text.GetTS_IRQ)
    __arm_cp.0_10                            0x0000267c   Number         4  temp.o(.text.GetTS_IRQ)
    __arm_cp.0_11                            0x00002680   Number         4  temp.o(.text.GetTS_IRQ)
    [Anonymous Symbol]                       0x00002684   Section        0  mf_config.o(.text.HFDET_IRQHandler)
    __arm_cp.11_0                            0x0000269c   Number         4  mf_config.o(.text.HFDET_IRQHandler)
    [Anonymous Symbol]                       0x000026a0   Section        0  i2c_bitbang.o(.text.I2C_Start)
    [Anonymous Symbol]                       0x000026d4   Section        0  i2c_bitbang.o(.text.I2C_Stop)
    [Anonymous Symbol]                       0x00002700   Section        0  i2c_bitbang.o(.text.I2C_WriteByte)
    __arm_cp.3_0                             0x00002778   Number         4  i2c_bitbang.o(.text.I2C_WriteByte)
    [Anonymous Symbol]                       0x0000277c   Section        0  mf_config.o(.text.MF_Clock_Init)
    __arm_cp.12_0                            0x00002840   Number         4  mf_config.o(.text.MF_Clock_Init)
    __arm_cp.12_1                            0x00002844   Number         4  mf_config.o(.text.MF_Clock_Init)
    __arm_cp.12_3                            0x00002848   Number         4  mf_config.o(.text.MF_Clock_Init)
    [Anonymous Symbol]                       0x0000284c   Section        0  mf_config.o(.text.MF_Config_Init)
    __arm_cp.13_0                            0x00002998   Number         4  mf_config.o(.text.MF_Config_Init)
    __arm_cp.13_1                            0x0000299c   Number         4  mf_config.o(.text.MF_Config_Init)
    [Anonymous Symbol]                       0x000029a0   Section        0  mf_config.o(.text.MF_GPIO_Init)
    __arm_cp.0_0                             0x00002a58   Number         4  mf_config.o(.text.MF_GPIO_Init)
    [Anonymous Symbol]                       0x00002a5c   Section        0  oled_i2c.o(.text.OLED_Clear)
    [Anonymous Symbol]                       0x00002a84   Section        0  oled_i2c.o(.text.OLED_HardwareReset)
    __arm_cp.0_0                             0x00002ab4   Number         4  oled_i2c.o(.text.OLED_HardwareReset)
    [Anonymous Symbol]                       0x00002ab8   Section        0  oled_i2c.o(.text.OLED_Init)
    [Anonymous Symbol]                       0x00002da2   Section        0  oled_i2c.o(.text.OLED_SetCursor)
    [Anonymous Symbol]                       0x00002e5c   Section        0  oled_draw.o(.text.OLED_ShowText)
    __arm_cp.1_0                             0x00002eb0   Number         4  oled_draw.o(.text.OLED_ShowText)
    __arm_cp.1_1                             0x00002eb4   Number         4  oled_draw.o(.text.OLED_ShowText)
    __arm_cp.1_2                             0x00002eb8   Number         4  oled_draw.o(.text.OLED_ShowText)
    [Anonymous Symbol]                       0x00002ebc   Section        0  oled_i2c.o(.text.OLED_WriteData)
    [Anonymous Symbol]                       0x00002edc   Section        0  system_fm33lc0xx.o(.text.SystemCoreClockUpdate)
    __arm_cp.0_0                             0x00002fe8   Number         4  system_fm33lc0xx.o(.text.SystemCoreClockUpdate)
    __arm_cp.0_1                             0x00002fec   Number         4  system_fm33lc0xx.o(.text.SystemCoreClockUpdate)
    __arm_cp.0_2                             0x00002ff0   Number         4  system_fm33lc0xx.o(.text.SystemCoreClockUpdate)
    __arm_cp.0_3                             0x00002ff4   Number         4  system_fm33lc0xx.o(.text.SystemCoreClockUpdate)
    __arm_cp.0_5                             0x00003008   Number         4  system_fm33lc0xx.o(.text.SystemCoreClockUpdate)
    __arm_cp.0_6                             0x0000300c   Number         4  system_fm33lc0xx.o(.text.SystemCoreClockUpdate)
    __arm_cp.0_7                             0x00003010   Number         4  system_fm33lc0xx.o(.text.SystemCoreClockUpdate)
    __arm_cp.0_8                             0x00003014   Number         4  system_fm33lc0xx.o(.text.SystemCoreClockUpdate)
    __arm_cp.0_9                             0x00003018   Number         4  system_fm33lc0xx.o(.text.SystemCoreClockUpdate)
    [Anonymous Symbol]                       0x0000301c   Section        0  system_fm33lc0xx.o(.text.SystemInit)
    __arm_cp.1_0                             0x000030f4   Number         4  system_fm33lc0xx.o(.text.SystemInit)
    __arm_cp.1_1                             0x000030f8   Number         4  system_fm33lc0xx.o(.text.SystemInit)
    __arm_cp.1_2                             0x000030fc   Number         4  system_fm33lc0xx.o(.text.SystemInit)
    __arm_cp.1_3                             0x00003100   Number         4  system_fm33lc0xx.o(.text.SystemInit)
    __arm_cp.1_4                             0x00003104   Number         4  system_fm33lc0xx.o(.text.SystemInit)
    __arm_cp.1_5                             0x00003108   Number         4  system_fm33lc0xx.o(.text.SystemInit)
    __arm_cp.1_6                             0x0000310c   Number         4  system_fm33lc0xx.o(.text.SystemInit)
    [Anonymous Symbol]                       0x00003110   Section        0  adc.o(.text.adc_get_channel_voltage)
    __arm_cp.2_4                             0x000031c8   Number         4  adc.o(.text.adc_get_channel_voltage)
    __arm_cp.2_6                             0x000031cc   Number         4  adc.o(.text.adc_get_channel_voltage)
    __arm_cp.2_7                             0x000031d0   Number         4  adc.o(.text.adc_get_channel_voltage)
    [Anonymous Symbol]                       0x000031d4   Section        0  adc.o(.text.get_vrefint_data_IRQ)
    __arm_cp.1_0                             0x0000327c   Number         4  adc.o(.text.get_vrefint_data_IRQ)
    __arm_cp.1_1                             0x00003280   Number         4  adc.o(.text.get_vrefint_data_IRQ)
    __arm_cp.1_2                             0x00003284   Number         4  adc.o(.text.get_vrefint_data_IRQ)
    __arm_cp.1_3                             0x00003288   Number         4  adc.o(.text.get_vrefint_data_IRQ)
    __arm_cp.1_4                             0x0000328c   Number         4  adc.o(.text.get_vrefint_data_IRQ)
    [Anonymous Symbol]                       0x00003290   Section        0  main.o(.text.main)
    __arm_cp.0_2                             0x00003318   Number         4  main.o(.text.main)
    [Anonymous Symbol]                       0x0000331c   Section        0  buzzer.o(.text.play_beep)
    [Anonymous Symbol]                       0x0000334c   Section        0  buzzer.o(.text.play_click)
    [Anonymous Symbol]                       0x0000337c   Section        0  buzzer.o(.text.play_click_500us)
    __arm_cp.3_0                             0x000033ac   Number         4  buzzer.o(.text.play_click_500us)
    [Anonymous Symbol]                       0x000033b0   Section        0  batt.o(.text.vbat)
    __arm_cp.0_0                             0x000033cc   Number         4  batt.o(.text.vbat)
    __arm_cp.0_1                             0x000033d0   Number         4  batt.o(.text.vbat)
    .text_divfast                            0x000033d4   Section      502  aeabi_sdivfast.o(.text_divfast)
    i.__ARM_common_ll_muluu                  0x000035ca   Section        0  btod.o(i.__ARM_common_ll_muluu)
    i.__ARM_fpclassify                       0x000035fc   Section        0  fpclassify.o(i.__ARM_fpclassify)
    i._is_digit                              0x00003628   Section        0  __printf_wp.o(i._is_digit)
    locale$$code                             0x00003638   Section       44  lc_numeric_c.o(locale$$code)
    x$fpl$fmul                               0x00003664   Section      176  fmul.o(x$fpl$fmul)
    x$fpl$printf1                            0x00003714   Section       16  printf1.o(x$fpl$printf1)
    ddiv_reciptbl                            0x00003724   Data         128  ddiv.o(.constdata)
    .constdata                               0x00003724   Section      128  ddiv.o(.constdata)
    x$fpl$usenofp                            0x00003724   Section        0  usenofp.o(x$fpl$usenofp)
    fdiv_tab                                 0x000037a4   Data          64  fdiv.o(.constdata)
    .constdata                               0x000037a4   Section       64  fdiv.o(.constdata)
    tenpwrs_x                                0x000037e4   Data          60  bigflt0.o(.constdata)
    .constdata                               0x000037e4   Section      148  bigflt0.o(.constdata)
    tenpwrs_i                                0x00003820   Data          64  bigflt0.o(.constdata)
    locale$$data                             0x00004124   Section       28  lc_numeric_c.o(locale$$data)
    __lcnum_c_name                           0x00004128   Data           2  lc_numeric_c.o(locale$$data)
    __lcnum_c_start                          0x00004130   Data           0  lc_numeric_c.o(locale$$data)
    __lcnum_c_point                          0x0000413c   Data           0  lc_numeric_c.o(locale$$data)
    __lcnum_c_thousands                      0x0000413e   Data           0  lc_numeric_c.o(locale$$data)
    __lcnum_c_grouping                       0x0000413f   Data           0  lc_numeric_c.o(locale$$data)
    __lcnum_c_end                            0x00004140   Data           0  lc_numeric_c.o(locale$$data)
    .bss                                     0x20000010   Section       96  libspace.o(.bss)
    Heap_Mem                                 0x20000078   Data        2048  startup_fm33lc0xx.o(HEAP)
    HEAP                                     0x20000078   Section     2048  startup_fm33lc0xx.o(HEAP)
    Stack_Mem                                0x20000878   Data        2048  startup_fm33lc0xx.o(STACK)
    STACK                                    0x20000878   Section     2048  startup_fm33lc0xx.o(STACK)
    __initial_sp                             0x20001078   Data           0  startup_fm33lc0xx.o(STACK)

    Global Symbols

    Symbol Name                              Value     Ov Type        Size  Object(Section)

    BuildAttributes$$THM_ISAv3M$S$PE$A:L22$X:L11$S22$IEEE1$IW$~IW$USESV6$~STKCKD$USESV7$~SHL$OTIME$ROPI$IEEEJ$EBA8$UX$STANDARDLIB$REQ8$PRES8$EABIv2 0x00000000   Number         0  anon$$obj.o ABSOLUTE
    __Vectors                                0x00000000   Data           4  startup_fm33lc0xx.o(RESET)
    _printf_flags                            0x00000000   Number         0  printf_stubs.o ABSOLUTE
    _printf_return_value                     0x00000000   Number         0  printf_stubs.o ABSOLUTE
    _printf_sizespec                         0x00000000   Number         0  printf_stubs.o ABSOLUTE
    _printf_widthprec                        0x00000000   Number         0  printf_stubs.o ABSOLUTE
    __ARM_exceptions_init                     - Undefined Weak Reference
    __alloca_initialize                       - Undefined Weak Reference
    __arm_preinit_                            - Undefined Weak Reference
    __arm_relocate_pie_                       - Undefined Weak Reference
    __cpp_initialize__aeabi_                  - Undefined Weak Reference
    __cxa_finalize                            - Undefined Weak Reference
    __sigvec_lookup                           - Undefined Weak Reference
    _atexit_init                              - Undefined Weak Reference
    _call_atexit_fns                          - Undefined Weak Reference
    _clock_init                               - Undefined Weak Reference
    _fp_trap_init                             - Undefined Weak Reference
    _fp_trap_shutdown                         - Undefined Weak Reference
    _get_lc_collate                           - Undefined Weak Reference
    _get_lc_ctype                             - Undefined Weak Reference
    _get_lc_monetary                          - Undefined Weak Reference
    _get_lc_time                              - Undefined Weak Reference
    _getenv_init                              - Undefined Weak Reference
    _handle_redirection                       - Undefined Weak Reference
    _init_alloc                               - Undefined Weak Reference
    _init_user_alloc                          - Undefined Weak Reference
    _initio                                   - Undefined Weak Reference
    _printf_post_padding                      - Undefined Weak Reference
    _printf_pre_padding                       - Undefined Weak Reference
    _rand_init                                - Undefined Weak Reference
    _signal_finish                            - Undefined Weak Reference
    _signal_init                              - Undefined Weak Reference
    _terminate_alloc                          - Undefined Weak Reference
    _terminate_user_alloc                     - Undefined Weak Reference
    _terminateio                              - Undefined Weak Reference
    __Vectors_End                            0x000000c0   Data           0  startup_fm33lc0xx.o(RESET)
    __Vectors_Size                           0x000000c0   Number         0  startup_fm33lc0xx.o ABSOLUTE
    __main                                   0x000000c1   Thumb Code     8  __main.o(!!!main)
    __scatterload                            0x000000c9   Thumb Code     0  __scatter.o(!!!scatter)
    __scatterload_rt2                        0x000000c9   Thumb Code    74  __scatter.o(!!!scatter)
    __scatterload_rt2_thumb_only             0x000000c9   Thumb Code     0  __scatter.o(!!!scatter)
    __scatterload_loop                       0x000000d3   Thumb Code     0  __scatter.o(!!!scatter)
    __scatterload_copy                       0x0000011d   Thumb Code    26  __scatter_copy.o(!!handler_copy)
    __scatterload_null                       0x00000139   Thumb Code     2  __scatter.o(!!handler_null)
    __scatterload_zeroinit                   0x0000013d   Thumb Code    28  __scatter_zi.o(!!handler_zi)
    _printf_percent                          0x00000159   Thumb Code     0  _printf_percent.o(.ARM.Collect$$_printf_percent$$00000000)
    _printf_f                                0x0000015b   Thumb Code     0  _printf_f.o(.ARM.Collect$$_printf_percent$$00000003)
    _printf_percent_end                      0x00000165   Thumb Code     0  _printf_percent_end.o(.ARM.Collect$$_printf_percent$$00000017)
    __rt_lib_init                            0x00000169   Thumb Code     0  libinit.o(.ARM.Collect$$libinit$$00000000)
    __rt_lib_init_fp_1                       0x0000016b   Thumb Code     0  libinit2.o(.ARM.Collect$$libinit$$00000002)
    __rt_lib_init_heap_1                     0x0000016b   Thumb Code     0  libinit2.o(.ARM.Collect$$libinit$$0000000C)
    __rt_lib_init_lc_common                  0x0000016b   Thumb Code     0  libinit2.o(.ARM.Collect$$libinit$$00000011)
    __rt_lib_init_preinit_1                  0x0000016b   Thumb Code     0  libinit2.o(.ARM.Collect$$libinit$$00000006)
    __rt_lib_init_rand_1                     0x0000016b   Thumb Code     0  libinit2.o(.ARM.Collect$$libinit$$00000010)
    __rt_lib_init_relocate_pie_1             0x0000016b   Thumb Code     0  libinit2.o(.ARM.Collect$$libinit$$00000004)
    __rt_lib_init_user_alloc_1               0x0000016b   Thumb Code     0  libinit2.o(.ARM.Collect$$libinit$$0000000E)
    __rt_lib_init_lc_collate_1               0x00000171   Thumb Code     0  libinit2.o(.ARM.Collect$$libinit$$00000013)
    __rt_lib_init_lc_ctype_1                 0x00000171   Thumb Code     0  libinit2.o(.ARM.Collect$$libinit$$00000015)
    __rt_lib_init_lc_monetary_1              0x00000171   Thumb Code     0  libinit2.o(.ARM.Collect$$libinit$$00000017)
    __rt_lib_init_lc_numeric_2               0x00000171   Thumb Code     0  libinit2.o(.ARM.Collect$$libinit$$00000018)
    __rt_lib_init_alloca_1                   0x0000017b   Thumb Code     0  libinit2.o(.ARM.Collect$$libinit$$00000030)
    __rt_lib_init_argv_1                     0x0000017b   Thumb Code     0  libinit2.o(.ARM.Collect$$libinit$$0000002E)
    __rt_lib_init_atexit_1                   0x0000017b   Thumb Code     0  libinit2.o(.ARM.Collect$$libinit$$0000001D)
    __rt_lib_init_clock_1                    0x0000017b   Thumb Code     0  libinit2.o(.ARM.Collect$$libinit$$00000023)
    __rt_lib_init_cpp_1                      0x0000017b   Thumb Code     0  libinit2.o(.ARM.Collect$$libinit$$00000034)
    __rt_lib_init_exceptions_1               0x0000017b   Thumb Code     0  libinit2.o(.ARM.Collect$$libinit$$00000032)
    __rt_lib_init_fp_trap_1                  0x0000017b   Thumb Code     0  libinit2.o(.ARM.Collect$$libinit$$00000021)
    __rt_lib_init_getenv_1                   0x0000017b   Thumb Code     0  libinit2.o(.ARM.Collect$$libinit$$00000025)
    __rt_lib_init_lc_numeric_1               0x0000017b   Thumb Code     0  libinit2.o(.ARM.Collect$$libinit$$00000019)
    __rt_lib_init_lc_time_1                  0x0000017b   Thumb Code     0  libinit2.o(.ARM.Collect$$libinit$$0000001B)
    __rt_lib_init_return                     0x0000017b   Thumb Code     0  libinit2.o(.ARM.Collect$$libinit$$00000035)
    __rt_lib_init_signal_1                   0x0000017b   Thumb Code     0  libinit2.o(.ARM.Collect$$libinit$$0000001F)
    __rt_lib_init_stdio_1                    0x0000017b   Thumb Code     0  libinit2.o(.ARM.Collect$$libinit$$00000027)
    __rt_lib_shutdown                        0x0000017d   Thumb Code     0  libshutdown.o(.ARM.Collect$$libshutdown$$00000000)
    __rt_lib_shutdown_cpp_1                  0x0000017f   Thumb Code     0  libshutdown2.o(.ARM.Collect$$libshutdown$$00000002)
    __rt_lib_shutdown_fp_trap_1              0x0000017f   Thumb Code     0  libshutdown2.o(.ARM.Collect$$libshutdown$$00000007)
    __rt_lib_shutdown_heap_1                 0x0000017f   Thumb Code     0  libshutdown2.o(.ARM.Collect$$libshutdown$$0000000F)
    __rt_lib_shutdown_return                 0x0000017f   Thumb Code     0  libshutdown2.o(.ARM.Collect$$libshutdown$$00000010)
    __rt_lib_shutdown_signal_1               0x0000017f   Thumb Code     0  libshutdown2.o(.ARM.Collect$$libshutdown$$0000000A)
    __rt_lib_shutdown_stdio_1                0x0000017f   Thumb Code     0  libshutdown2.o(.ARM.Collect$$libshutdown$$00000004)
    __rt_lib_shutdown_user_alloc_1           0x0000017f   Thumb Code     0  libshutdown2.o(.ARM.Collect$$libshutdown$$0000000C)
    __rt_entry                               0x00000181   Thumb Code     0  __rtentry.o(.ARM.Collect$$rtentry$$00000000)
    __rt_entry_presh_1                       0x00000181   Thumb Code     0  __rtentry2.o(.ARM.Collect$$rtentry$$00000002)
    __rt_entry_sh                            0x00000181   Thumb Code     0  __rtentry4.o(.ARM.Collect$$rtentry$$00000004)
    __rt_entry_li                            0x00000187   Thumb Code     0  __rtentry2.o(.ARM.Collect$$rtentry$$0000000A)
    __rt_entry_postsh_1                      0x00000187   Thumb Code     0  __rtentry2.o(.ARM.Collect$$rtentry$$00000009)
    __rt_entry_main                          0x0000018b   Thumb Code     0  __rtentry2.o(.ARM.Collect$$rtentry$$0000000D)
    __rt_entry_postli_1                      0x0000018b   Thumb Code     0  __rtentry2.o(.ARM.Collect$$rtentry$$0000000C)
    __rt_exit                                0x00000193   Thumb Code     0  rtexit.o(.ARM.Collect$$rtexit$$00000000)
    __rt_exit_ls                             0x00000195   Thumb Code     0  rtexit2.o(.ARM.Collect$$rtexit$$00000003)
    __rt_exit_prels_1                        0x00000195   Thumb Code     0  rtexit2.o(.ARM.Collect$$rtexit$$00000002)
    __rt_exit_exit                           0x00000199   Thumb Code     0  rtexit2.o(.ARM.Collect$$rtexit$$00000004)
    Reset_Handler                            0x000001a1   Thumb Code     8  startup_fm33lc0xx.o(.text)
    NMI_Handler                              0x000001a9   Thumb Code     2  startup_fm33lc0xx.o(.text)
    HardFault_Handler                        0x000001ab   Thumb Code     2  startup_fm33lc0xx.o(.text)
    SVC_Handler                              0x000001ad   Thumb Code     2  startup_fm33lc0xx.o(.text)
    PendSV_Handler                           0x000001af   Thumb Code     2  startup_fm33lc0xx.o(.text)
    SysTick_Handler                          0x000001b1   Thumb Code     2  startup_fm33lc0xx.o(.text)
    AES_IRQHandler                           0x000001b3   Thumb Code     0  startup_fm33lc0xx.o(.text)
    ATIM_IRQHandler                          0x000001b3   Thumb Code     0  startup_fm33lc0xx.o(.text)
    BSTIM_IRQHandler                         0x000001b3   Thumb Code     0  startup_fm33lc0xx.o(.text)
    COMPx_IRQHandler                         0x000001b3   Thumb Code     0  startup_fm33lc0xx.o(.text)
    DMA_IRQHandler                           0x000001b3   Thumb Code     0  startup_fm33lc0xx.o(.text)
    FLASH_IRQHandler                         0x000001b3   Thumb Code     0  startup_fm33lc0xx.o(.text)
    GPTIM0_IRQHandler                        0x000001b3   Thumb Code     0  startup_fm33lc0xx.o(.text)
    GPTIM1_IRQHandler                        0x000001b3   Thumb Code     0  startup_fm33lc0xx.o(.text)
    I2C_IRQHandler                           0x000001b3   Thumb Code     0  startup_fm33lc0xx.o(.text)
    IWDT_IRQHandler                          0x000001b3   Thumb Code     0  startup_fm33lc0xx.o(.text)
    LCD_IRQHandler                           0x000001b3   Thumb Code     0  startup_fm33lc0xx.o(.text)
    LFDET_IRQHandler                         0x000001b3   Thumb Code     0  startup_fm33lc0xx.o(.text)
    LPTIM_IRQHandler                         0x000001b3   Thumb Code     0  startup_fm33lc0xx.o(.text)
    LPUART0_IRQHandler                       0x000001b3   Thumb Code     0  startup_fm33lc0xx.o(.text)
    LPUART1_IRQHandler                       0x000001b3   Thumb Code     0  startup_fm33lc0xx.o(.text)
    OPAx_IRQHandler                          0x000001b3   Thumb Code     0  startup_fm33lc0xx.o(.text)
    RTC_IRQHandler                           0x000001b3   Thumb Code     0  startup_fm33lc0xx.o(.text)
    SPI1_IRQHandler                          0x000001b3   Thumb Code     0  startup_fm33lc0xx.o(.text)
    SPI2_IRQHandler                          0x000001b3   Thumb Code     0  startup_fm33lc0xx.o(.text)
    SVD_IRQHandler                           0x000001b3   Thumb Code     0  startup_fm33lc0xx.o(.text)
    U7816_IRQHandler                         0x000001b3   Thumb Code     0  startup_fm33lc0xx.o(.text)
    UART0_IRQHandler                         0x000001b3   Thumb Code     0  startup_fm33lc0xx.o(.text)
    UART1_IRQHandler                         0x000001b3   Thumb Code     0  startup_fm33lc0xx.o(.text)
    UART4_IRQHandler                         0x000001b3   Thumb Code     0  startup_fm33lc0xx.o(.text)
    UART5_IRQHandler                         0x000001b3   Thumb Code     0  startup_fm33lc0xx.o(.text)
    USB_IRQHandler                           0x000001b3   Thumb Code     0  startup_fm33lc0xx.o(.text)
    VREF_IRQHandler                          0x000001b3   Thumb Code     0  startup_fm33lc0xx.o(.text)
    WKUP_IRQHandler                          0x000001b3   Thumb Code     0  startup_fm33lc0xx.o(.text)
    WWDT_IRQHandler                          0x000001b3   Thumb Code     0  startup_fm33lc0xx.o(.text)
    __user_initial_stackheap                 0x000001b5   Thumb Code     0  startup_fm33lc0xx.o(.text)
    __aeabi_lmul                             0x000001d9   Thumb Code    48  llmul.o(.text)
    _ll_mul                                  0x000001d9   Thumb Code     0  llmul.o(.text)
    __aeabi_uldivmod                         0x00000209   Thumb Code   272  lludiv.o(.text)
    _ll_udiv                                 0x00000209   Thumb Code     0  lludiv.o(.text)
    __2snprintf                              0x00000319   Thumb Code    60  noretval__2snprintf.o(.text)
    __printf                                 0x00000359   Thumb Code   270  __printf_wp.o(.text)
    __aeabi_uidivmod                         0x00000469   Thumb Code    28  aeabi_sdivfast.o(.text)
    __aeabi_idivmod                          0x00000485   Thumb Code   472  aeabi_sdivfast.o(.text)
    __use_two_region_memory                  0x00000661   Thumb Code     2  heapauxi.o(.text)
    __rt_heap_escrow$2region                 0x00000663   Thumb Code     2  heapauxi.o(.text)
    __rt_heap_expand$2region                 0x00000665   Thumb Code     2  heapauxi.o(.text)
    __aeabi_d2f                              0x00000669   Thumb Code     0  d2f.o(.text)
    __truncdfsf2                             0x00000669   Thumb Code     0  d2f.o(.text)
    _d2f                                     0x00000669   Thumb Code   120  d2f.o(.text)
    __adddf3                                 0x000009dd   Thumb Code     0  daddsub.o(.text)
    __aeabi_dadd                             0x000009dd   Thumb Code     0  daddsub.o(.text)
    _dadd                                    0x000009dd   Thumb Code    26  daddsub.o(.text)
    __aeabi_dsub                             0x000009f7   Thumb Code     0  daddsub.o(.text)
    __subdf3                                 0x000009f7   Thumb Code     0  daddsub.o(.text)
    _dsub                                    0x000009f7   Thumb Code    22  daddsub.o(.text)
    __aeabi_drsub                            0x00000a0d   Thumb Code     0  daddsub.o(.text)
    _drsb                                    0x00000a0d   Thumb Code    28  daddsub.o(.text)
    __aeabi_ddiv                             0x00000a3d   Thumb Code     0  ddiv.o(.text)
    __divdf3                                 0x00000a3d   Thumb Code     0  ddiv.o(.text)
    _ddiv                                    0x00000a3d   Thumb Code  1072  ddiv.o(.text)
    _drdiv                                   0x00000e6d   Thumb Code    20  ddiv.o(.text)
    __aeabi_i2d_normalise                    0x00000e85   Thumb Code    66  dflti.o(.text)
    __aeabi_i2d                              0x00000ec7   Thumb Code    16  dflti.o(.text)
    _dflt                                    0x00000ec7   Thumb Code     0  dflti.o(.text)
    __aeabi_ui2d                             0x00000ed7   Thumb Code     6  dflti.o(.text)
    _dfltu                                   0x00000ed7   Thumb Code     0  dflti.o(.text)
    __aeabi_f2d                              0x00000edd   Thumb Code     0  f2d.o(.text)
    __extendsfdf2                            0x00000edd   Thumb Code     0  f2d.o(.text)
    _f2d                                     0x00000edd   Thumb Code    80  f2d.o(.text)
    __aeabi_fdiv                             0x00000f31   Thumb Code     0  fdiv.o(.text)
    __divsf3                                 0x00000f31   Thumb Code     0  fdiv.o(.text)
    _fdiv                                    0x00000f31   Thumb Code   334  fdiv.o(.text)
    _frdiv                                   0x0000107f   Thumb Code     8  fdiv.o(.text)
    __aeabi_i2f_normalise                    0x00001091   Thumb Code    72  fflti.o(.text)
    __aeabi_i2f                              0x000010d9   Thumb Code    16  fflti.o(.text)
    _fflt                                    0x000010d9   Thumb Code     0  fflti.o(.text)
    __aeabi_ui2f                             0x000010e9   Thumb Code     6  fflti.o(.text)
    _ffltu                                   0x000010e9   Thumb Code     0  fflti.o(.text)
    _printf_fp_dec_real                      0x0000128d   Thumb Code   620  _printf_fp_dec.o(.text)
    _printf_char_common                      0x0000150f   Thumb Code    32  _printf_char_common.o(.text)
    _snputc                                  0x00001535   Thumb Code    16  _snputc.o(.text)
    __rt_locale                              0x00001545   Thumb Code     8  rt_locale_intlibspace.o(.text)
    _ll_udiv10                               0x0000154d   Thumb Code   122  lludiv10.o(.text)
    _printf_fp_infnan                        0x000015c9   Thumb Code   120  _printf_fp_infnan.o(.text)
    _btod_etento                             0x00001651   Thumb Code   210  bigflt0.o(.text)
    _btod_d2e                                0x00001729   Thumb Code    64  btod.o(.text)
    _btod_emul                               0x00001b5d   Thumb Code    28  btod.o(.text)
    _btod_emuld                              0x00001b79   Thumb Code   144  btod.o(.text)
    _btod_ediv                               0x00001c09   Thumb Code    26  btod.o(.text)
    _btod_edivd                              0x00001c23   Thumb Code   124  btod.o(.text)
    __rt_udiv10                              0x00001ca9   Thumb Code    40  rtudiv10.o(.text)
    __user_libspace                          0x00001cd1   Thumb Code     8  libspace.o(.text)
    __user_perproc_libspace                  0x00001cd1   Thumb Code     0  libspace.o(.text)
    __user_perthread_libspace                0x00001cd1   Thumb Code     0  libspace.o(.text)
    __user_setup_stackheap                   0x00001cd9   Thumb Code    62  sys_stackheap_outer.o(.text)
    exit                                     0x00001d17   Thumb Code    16  exit.o(.text)
    strcmp                                   0x00001d29   Thumb Code   176  strcmpv6m.o(.text)
    _sys_exit                                0x00001dd9   Thumb Code     8  sys_exit.o(.text)
    __I$use$semihosting                      0x00001de5   Thumb Code     0  use_no_semi.o(.text)
    __use_no_semihosting_swi                 0x00001de5   Thumb Code     2  use_no_semi.o(.text)
    __semihosting_library_function           0x00001de7   Thumb Code     0  indicate_semi.o(.text)
    ADC_IRQHandler                           0x00001de9   Thumb Code    24  adc.o(.text.ADC_IRQHandler)
    FL_ADC_CommonInit                        0x00001e05   Thumb Code    80  fm33lc0xx_fl_adc.o(.text.FL_ADC_CommonInit)
    FL_ADC_Init                              0x00001e59   Thumb Code   424  fm33lc0xx_fl_adc.o(.text.FL_ADC_Init)
    FL_DelayInit                             0x00002015   Thumb Code    20  fm33lc0xx_fl.o(.text.FL_DelayInit)
    FL_DelayMs                               0x00002029   Thumb Code    22  fm33lc0xx_fl.o(.text.FL_DelayMs)
    FL_DelayUs                               0x00002041   Thumb Code    44  fm33lc0xx_fl.o(.text.FL_DelayUs)
    FL_EXTI_CommonInit                       0x00002071   Thumb Code    48  fm33lc0xx_fl_exti.o(.text.FL_EXTI_CommonInit)
    FL_EXTI_Init                             0x000020a9   Thumb Code   324  fm33lc0xx_fl_exti.o(.text.FL_EXTI_Init)
    FL_GPIO_Init                             0x00002245   Thumb Code   232  fm33lc0xx_fl_gpio.o(.text.FL_GPIO_Init)
    FL_Init                                  0x00002403   Thumb Code     8  fm33lc0xx_fl.o(.text.FL_Init)
    FL_NVIC_Init                             0x0000240d   Thumb Code    96  fm33lc0xx_fl.o(.text.FL_NVIC_Init)
    GPIO_IRQHandler                          0x0000247d   Thumb Code   176  gpio_interrupt.o(.text.GPIO_IRQHandler)
    GetTS_IRQ                                0x00002531   Thumb Code   292  temp.o(.text.GetTS_IRQ)
    HFDET_IRQHandler                         0x00002685   Thumb Code    24  mf_config.o(.text.HFDET_IRQHandler)
    I2C_Start                                0x000026a1   Thumb Code    52  i2c_bitbang.o(.text.I2C_Start)
    I2C_Stop                                 0x000026d5   Thumb Code    44  i2c_bitbang.o(.text.I2C_Stop)
    I2C_WriteByte                            0x00002701   Thumb Code   120  i2c_bitbang.o(.text.I2C_WriteByte)
    MF_Clock_Init                            0x0000277d   Thumb Code   196  mf_config.o(.text.MF_Clock_Init)
    MF_Config_Init                           0x0000284d   Thumb Code   332  mf_config.o(.text.MF_Config_Init)
    MF_GPIO_Init                             0x000029a1   Thumb Code   184  mf_config.o(.text.MF_GPIO_Init)
    OLED_Clear                               0x00002a5d   Thumb Code    38  oled_i2c.o(.text.OLED_Clear)
    OLED_HardwareReset                       0x00002a85   Thumb Code    48  oled_i2c.o(.text.OLED_HardwareReset)
    OLED_Init                                0x00002ab9   Thumb Code   746  oled_i2c.o(.text.OLED_Init)
    OLED_SetCursor                           0x00002da3   Thumb Code   186  oled_i2c.o(.text.OLED_SetCursor)
    OLED_ShowText                            0x00002e5d   Thumb Code    84  oled_draw.o(.text.OLED_ShowText)
    OLED_WriteData                           0x00002ebd   Thumb Code    32  oled_i2c.o(.text.OLED_WriteData)
    SystemCoreClockUpdate                    0x00002edd   Thumb Code   268  system_fm33lc0xx.o(.text.SystemCoreClockUpdate)
    SystemInit                               0x0000301d   Thumb Code   216  system_fm33lc0xx.o(.text.SystemInit)
    adc_get_channel_voltage                  0x00003111   Thumb Code   184  adc.o(.text.adc_get_channel_voltage)
    get_vrefint_data_IRQ                     0x000031d5   Thumb Code   168  adc.o(.text.get_vrefint_data_IRQ)
    main                                     0x00003291   Thumb Code   120  main.o(.text.main)
    play_beep                                0x0000331d   Thumb Code    48  buzzer.o(.text.play_beep)
    play_click                               0x0000334d   Thumb Code    48  buzzer.o(.text.play_click)
    play_click_500us                         0x0000337d   Thumb Code    48  buzzer.o(.text.play_click_500us)
    vbat                                     0x000033b1   Thumb Code    28  batt.o(.text.vbat)
    __aeabi_uidiv                            0x000033d5   Thumb Code    68  aeabi_sdivfast.o(.text_divfast)
    __aeabi_idiv                             0x00003419   Thumb Code   434  aeabi_sdivfast.o(.text_divfast)
    __ARM_common_ll_muluu                    0x000035cb   Thumb Code    48  btod.o(i.__ARM_common_ll_muluu)
    __ARM_fpclassify                         0x000035fd   Thumb Code    40  fpclassify.o(i.__ARM_fpclassify)
    _is_digit                                0x00003629   Thumb Code    14  __printf_wp.o(i._is_digit)
    _get_lc_numeric                          0x00003639   Thumb Code    44  lc_numeric_c.o(locale$$code)
    __aeabi_fmul                             0x00003665   Thumb Code     0  fmul.o(x$fpl$fmul)
    _fmul                                    0x00003665   Thumb Code   172  fmul.o(x$fpl$fmul)
    _printf_fp_dec                           0x00003715   Thumb Code    16  printf1.o(x$fpl$printf1)
    __I$use$fp                               0x00003724   Number         0  usenofp.o(x$fpl$usenofp)
    ASCII_0708                               0x00003878   Data         665  oled_draw.o(.rodata.ASCII_0708)
    ASCII_1608                               0x00003b11   Data        1520  oled_draw.o(.rodata.ASCII_1608)
    Region$$Table$$Base                      0x00004104   Number         0  anon$$obj.o(Region$$Table)
    Region$$Table$$Limit                     0x00004124   Number         0  anon$$obj.o(Region$$Table)
    SystemCoreClock                          0x20000000   Data           4  system_fm33lc0xx.o(.data.SystemCoreClock)
    XTHFClock                                0x20000004   Data           4  system_fm33lc0xx.o(.data.XTHFClock)
    XTLFClock                                0x20000008   Data           4  system_fm33lc0xx.o(.data.XTLFClock)
    __libspace_start                         0x20000010   Data          96  libspace.o(.bss)
    ADCComplete                              0x20000070   Data           1  adc.o(.bss.ADCComplete)
    __temporary_stack_top$libspace           0x20000070   Data           0  libspace.o(.bss)



==============================================================================

Memory Map of the image

  Image Entry point : 0x000000c1

  Load Region LR_IROM1 (Base: 0x00000000, Size: 0x00004150, Max: 0x00040000, ABSOLUTE)

    Execution Region ER_IROM1 (Exec base: 0x00000000, Load base: 0x00000000, Size: 0x00004140, Max: 0x00040000, ABSOLUTE)

    Exec Addr    Load Addr    Size         Type   Attr      Idx    E Section Name        Object

    0x00000000   0x00000000   0x000000c0   Data   RO            3    RESET               startup_fm33lc0xx.o
    0x000000c0   0x000000c0   0x00000008   Code   RO          779  * !!!main             c_p.l(__main.o)
    0x000000c8   0x000000c8   0x00000054   Code   RO         1067    !!!scatter          c_p.l(__scatter.o)
    0x0000011c   0x0000011c   0x0000001a   Code   RO         1071    !!handler_copy      c_p.l(__scatter_copy.o)
    0x00000136   0x00000136   0x00000002   PAD
    0x00000138   0x00000138   0x00000002   Code   RO         1068    !!handler_null      c_p.l(__scatter.o)
    0x0000013a   0x0000013a   0x00000002   PAD
    0x0000013c   0x0000013c   0x0000001c   Code   RO         1073    !!handler_zi        c_p.l(__scatter_zi.o)
    0x00000158   0x00000158   0x00000002   Code   RO          766    .ARM.Collect$$_printf_percent$$00000000  c_p.l(_printf_percent.o)
    0x0000015a   0x0000015a   0x0000000a   Code   RO          765    .ARM.Collect$$_printf_percent$$00000003  c_p.l(_printf_f.o)
    0x00000164   0x00000164   0x00000004   Code   RO          846    .ARM.Collect$$_printf_percent$$00000017  c_p.l(_printf_percent_end.o)
    0x00000168   0x00000168   0x00000002   Code   RO          923    .ARM.Collect$$libinit$$00000000  c_p.l(libinit.o)
    0x0000016a   0x0000016a   0x00000000   Code   RO          925    .ARM.Collect$$libinit$$00000002  c_p.l(libinit2.o)
    0x0000016a   0x0000016a   0x00000000   Code   RO          927    .ARM.Collect$$libinit$$00000004  c_p.l(libinit2.o)
    0x0000016a   0x0000016a   0x00000000   Code   RO          929    .ARM.Collect$$libinit$$00000006  c_p.l(libinit2.o)
    0x0000016a   0x0000016a   0x00000000   Code   RO          932    .ARM.Collect$$libinit$$0000000C  c_p.l(libinit2.o)
    0x0000016a   0x0000016a   0x00000000   Code   RO          934    .ARM.Collect$$libinit$$0000000E  c_p.l(libinit2.o)
    0x0000016a   0x0000016a   0x00000000   Code   RO          936    .ARM.Collect$$libinit$$00000010  c_p.l(libinit2.o)
    0x0000016a   0x0000016a   0x00000006   Code   RO          937    .ARM.Collect$$libinit$$00000011  c_p.l(libinit2.o)
    0x00000170   0x00000170   0x00000000   Code   RO          939    .ARM.Collect$$libinit$$00000013  c_p.l(libinit2.o)
    0x00000170   0x00000170   0x00000000   Code   RO          941    .ARM.Collect$$libinit$$00000015  c_p.l(libinit2.o)
    0x00000170   0x00000170   0x00000000   Code   RO          943    .ARM.Collect$$libinit$$00000017  c_p.l(libinit2.o)
    0x00000170   0x00000170   0x0000000a   Code   RO          944    .ARM.Collect$$libinit$$00000018  c_p.l(libinit2.o)
    0x0000017a   0x0000017a   0x00000000   Code   RO          945    .ARM.Collect$$libinit$$00000019  c_p.l(libinit2.o)
    0x0000017a   0x0000017a   0x00000000   Code   RO          947    .ARM.Collect$$libinit$$0000001B  c_p.l(libinit2.o)
    0x0000017a   0x0000017a   0x00000000   Code   RO          949    .ARM.Collect$$libinit$$0000001D  c_p.l(libinit2.o)
    0x0000017a   0x0000017a   0x00000000   Code   RO          951    .ARM.Collect$$libinit$$0000001F  c_p.l(libinit2.o)
    0x0000017a   0x0000017a   0x00000000   Code   RO          953    .ARM.Collect$$libinit$$00000021  c_p.l(libinit2.o)
    0x0000017a   0x0000017a   0x00000000   Code   RO          955    .ARM.Collect$$libinit$$00000023  c_p.l(libinit2.o)
    0x0000017a   0x0000017a   0x00000000   Code   RO          957    .ARM.Collect$$libinit$$00000025  c_p.l(libinit2.o)
    0x0000017a   0x0000017a   0x00000000   Code   RO          959    .ARM.Collect$$libinit$$00000027  c_p.l(libinit2.o)
    0x0000017a   0x0000017a   0x00000000   Code   RO          963    .ARM.Collect$$libinit$$0000002E  c_p.l(libinit2.o)
    0x0000017a   0x0000017a   0x00000000   Code   RO          965    .ARM.Collect$$libinit$$00000030  c_p.l(libinit2.o)
    0x0000017a   0x0000017a   0x00000000   Code   RO          967    .ARM.Collect$$libinit$$00000032  c_p.l(libinit2.o)
    0x0000017a   0x0000017a   0x00000000   Code   RO          969    .ARM.Collect$$libinit$$00000034  c_p.l(libinit2.o)
    0x0000017a   0x0000017a   0x00000002   Code   RO          970    .ARM.Collect$$libinit$$00000035  c_p.l(libinit2.o)
    0x0000017c   0x0000017c   0x00000002   Code   RO         1032    .ARM.Collect$$libshutdown$$00000000  c_p.l(libshutdown.o)
    0x0000017e   0x0000017e   0x00000000   Code   RO         1050    .ARM.Collect$$libshutdown$$00000002  c_p.l(libshutdown2.o)
    0x0000017e   0x0000017e   0x00000000   Code   RO         1052    .ARM.Collect$$libshutdown$$00000004  c_p.l(libshutdown2.o)
    0x0000017e   0x0000017e   0x00000000   Code   RO         1055    .ARM.Collect$$libshutdown$$00000007  c_p.l(libshutdown2.o)
    0x0000017e   0x0000017e   0x00000000   Code   RO         1058    .ARM.Collect$$libshutdown$$0000000A  c_p.l(libshutdown2.o)
    0x0000017e   0x0000017e   0x00000000   Code   RO         1060    .ARM.Collect$$libshutdown$$0000000C  c_p.l(libshutdown2.o)
    0x0000017e   0x0000017e   0x00000000   Code   RO         1063    .ARM.Collect$$libshutdown$$0000000F  c_p.l(libshutdown2.o)
    0x0000017e   0x0000017e   0x00000002   Code   RO         1064    .ARM.Collect$$libshutdown$$00000010  c_p.l(libshutdown2.o)
    0x00000180   0x00000180   0x00000000   Code   RO          829    .ARM.Collect$$rtentry$$00000000  c_p.l(__rtentry.o)
    0x00000180   0x00000180   0x00000000   Code   RO          855    .ARM.Collect$$rtentry$$00000002  c_p.l(__rtentry2.o)
    0x00000180   0x00000180   0x00000006   Code   RO          867    .ARM.Collect$$rtentry$$00000004  c_p.l(__rtentry4.o)
    0x00000186   0x00000186   0x00000000   Code   RO          857    .ARM.Collect$$rtentry$$00000009  c_p.l(__rtentry2.o)
    0x00000186   0x00000186   0x00000004   Code   RO          858    .ARM.Collect$$rtentry$$0000000A  c_p.l(__rtentry2.o)
    0x0000018a   0x0000018a   0x00000000   Code   RO          860    .ARM.Collect$$rtentry$$0000000C  c_p.l(__rtentry2.o)
    0x0000018a   0x0000018a   0x00000008   Code   RO          861    .ARM.Collect$$rtentry$$0000000D  c_p.l(__rtentry2.o)
    0x00000192   0x00000192   0x00000002   Code   RO          976    .ARM.Collect$$rtexit$$00000000  c_p.l(rtexit.o)
    0x00000194   0x00000194   0x00000000   Code   RO          997    .ARM.Collect$$rtexit$$00000002  c_p.l(rtexit2.o)
    0x00000194   0x00000194   0x00000004   Code   RO          998    .ARM.Collect$$rtexit$$00000003  c_p.l(rtexit2.o)
    0x00000198   0x00000198   0x00000006   Code   RO          999    .ARM.Collect$$rtexit$$00000004  c_p.l(rtexit2.o)
    0x0000019e   0x0000019e   0x00000002   PAD
    0x000001a0   0x000001a0   0x00000038   Code   RO            4    .text               startup_fm33lc0xx.o
    0x000001d8   0x000001d8   0x00000030   Code   RO          735    .text               c_p.l(llmul.o)
    0x00000208   0x00000208   0x00000110   Code   RO          737    .text               c_p.l(lludiv.o)
    0x00000318   0x00000318   0x00000040   Code   RO          741    .text               c_p.l(noretval__2snprintf.o)
    0x00000358   0x00000358   0x0000010e   Code   RO          753    .text               c_p.l(__printf_wp.o)
    0x00000466   0x00000466   0x00000002   PAD
    0x00000468   0x00000468   0x000001f8   Code   RO          769    .text               c_p.l(aeabi_sdivfast.o)
    0x00000660   0x00000660   0x00000006   Code   RO          777    .text               c_p.l(heapauxi.o)
    0x00000666   0x00000666   0x00000002   PAD
    0x00000668   0x00000668   0x0000007c   Code   RO          781    .text               fz_ps.l(d2f.o)
    0x000006e4   0x000006e4   0x00000358   Code   RO          783    .text               fz_ps.l(daddsub.o)
    0x00000a3c   0x00000a3c   0x00000448   Code   RO          785    .text               fz_ps.l(ddiv.o)
    0x00000e84   0x00000e84   0x00000058   Code   RO          790    .text               fz_ps.l(dflti.o)
    0x00000edc   0x00000edc   0x00000054   Code   RO          794    .text               fz_ps.l(f2d.o)
    0x00000f30   0x00000f30   0x00000160   Code   RO          820    .text               fz_ps.l(fdiv.o)
    0x00001090   0x00001090   0x0000005e   Code   RO          823    .text               fz_ps.l(fflti.o)
    0x000010ee   0x000010ee   0x00000002   PAD
    0x000010f0   0x000010f0   0x00000414   Code   RO          838    .text               c_p.l(_printf_fp_dec.o)
    0x00001504   0x00001504   0x00000030   Code   RO          842    .text               c_p.l(_printf_char_common.o)
    0x00001534   0x00001534   0x00000010   Code   RO          844    .text               c_p.l(_snputc.o)
    0x00001544   0x00001544   0x00000008   Code   RO          874    .text               c_p.l(rt_locale_intlibspace.o)
    0x0000154c   0x0000154c   0x0000007a   Code   RO          876    .text               c_p.l(lludiv10.o)
    0x000015c6   0x000015c6   0x00000002   PAD
    0x000015c8   0x000015c8   0x00000088   Code   RO          878    .text               c_p.l(_printf_fp_infnan.o)
    0x00001650   0x00001650   0x000000d8   Code   RO          882    .text               c_p.l(bigflt0.o)
    0x00001728   0x00001728   0x00000580   Code   RO          885    .text               c_p.l(btod.o)
    0x00001ca8   0x00001ca8   0x00000028   Code   RO          894    .text               c_p.l(rtudiv10.o)
    0x00001cd0   0x00001cd0   0x00000008   Code   RO          902    .text               c_p.l(libspace.o)
    0x00001cd8   0x00001cd8   0x0000003e   Code   RO          905    .text               c_p.l(sys_stackheap_outer.o)
    0x00001d16   0x00001d16   0x00000010   Code   RO          910    .text               c_p.l(exit.o)
    0x00001d26   0x00001d26   0x00000002   PAD
    0x00001d28   0x00001d28   0x000000b0   Code   RO          916    .text               c_p.l(strcmpv6m.o)
    0x00001dd8   0x00001dd8   0x0000000c   Code   RO          992    .text               c_p.l(sys_exit.o)
    0x00001de4   0x00001de4   0x00000002   Code   RO         1019    .text               c_p.l(use_no_semi.o)
    0x00001de6   0x00001de6   0x00000000   Code   RO         1021    .text               c_p.l(indicate_semi.o)
    0x00001de6   0x00001de6   0x00000002   PAD
    0x00001de8   0x00001de8   0x0000001c   Code   RO          140    .text.ADC_IRQHandler  adc.o
    0x00001e04   0x00001e04   0x00000054   Code   RO          559    .text.FL_ADC_CommonInit  fm33lc0xx_fl_adc.o
    0x00001e58   0x00001e58   0x000001bc   Code   RO          565    .text.FL_ADC_Init   fm33lc0xx_fl_adc.o
    0x00002014   0x00002014   0x00000014   Code   RO          382    .text.FL_DelayInit  fm33lc0xx_fl.o
    0x00002028   0x00002028   0x00000016   Code   RO          386    .text.FL_DelayMs    fm33lc0xx_fl.o
    0x0000203e   0x0000203e   0x00000002   PAD
    0x00002040   0x00002040   0x00000030   Code   RO          384    .text.FL_DelayUs    fm33lc0xx_fl.o
    0x00002070   0x00002070   0x00000038   Code   RO          188    .text.FL_EXTI_CommonInit  fm33lc0xx_fl_exti.o
    0x000020a8   0x000020a8   0x0000019c   Code   RO          194    .text.FL_EXTI_Init  fm33lc0xx_fl_exti.o
    0x00002244   0x00002244   0x000000f4   Code   RO          509    .text.FL_GPIO_Init  fm33lc0xx_fl_gpio.o
    0x00002338   0x00002338   0x0000000c   Code   RO          200    .text.FL_GPIO_SetExtiLine0  fm33lc0xx_fl_exti.o
    0x00002344   0x00002344   0x0000000c   Code   RO          202    .text.FL_GPIO_SetExtiLine1  fm33lc0xx_fl_exti.o
    0x00002350   0x00002350   0x0000000e   Code   RO          220    .text.FL_GPIO_SetExtiLine10  fm33lc0xx_fl_exti.o
    0x0000235e   0x0000235e   0x0000000e   Code   RO          222    .text.FL_GPIO_SetExtiLine11  fm33lc0xx_fl_exti.o
    0x0000236c   0x0000236c   0x0000000e   Code   RO          224    .text.FL_GPIO_SetExtiLine12  fm33lc0xx_fl_exti.o
    0x0000237a   0x0000237a   0x0000000e   Code   RO          226    .text.FL_GPIO_SetExtiLine13  fm33lc0xx_fl_exti.o
    0x00002388   0x00002388   0x0000000e   Code   RO          228    .text.FL_GPIO_SetExtiLine14  fm33lc0xx_fl_exti.o
    0x00002396   0x00002396   0x0000000c   Code   RO          204    .text.FL_GPIO_SetExtiLine2  fm33lc0xx_fl_exti.o
    0x000023a2   0x000023a2   0x0000000c   Code   RO          206    .text.FL_GPIO_SetExtiLine3  fm33lc0xx_fl_exti.o
    0x000023ae   0x000023ae   0x0000000e   Code   RO          208    .text.FL_GPIO_SetExtiLine4  fm33lc0xx_fl_exti.o
    0x000023bc   0x000023bc   0x0000000e   Code   RO          210    .text.FL_GPIO_SetExtiLine5  fm33lc0xx_fl_exti.o
    0x000023ca   0x000023ca   0x0000000e   Code   RO          212    .text.FL_GPIO_SetExtiLine6  fm33lc0xx_fl_exti.o
    0x000023d8   0x000023d8   0x0000000e   Code   RO          214    .text.FL_GPIO_SetExtiLine7  fm33lc0xx_fl_exti.o
    0x000023e6   0x000023e6   0x0000000e   Code   RO          216    .text.FL_GPIO_SetExtiLine8  fm33lc0xx_fl_exti.o
    0x000023f4   0x000023f4   0x0000000e   Code   RO          218    .text.FL_GPIO_SetExtiLine9  fm33lc0xx_fl_exti.o
    0x00002402   0x00002402   0x00000008   Code   RO          394    .text.FL_Init       fm33lc0xx_fl.o
    0x0000240a   0x0000240a   0x00000002   PAD
    0x0000240c   0x0000240c   0x00000070   Code   RO          396    .text.FL_NVIC_Init  fm33lc0xx_fl.o
    0x0000247c   0x0000247c   0x000000b4   Code   RO          131    .text.GPIO_IRQHandler  gpio_interrupt.o
    0x00002530   0x00002530   0x00000154   Code   RO          163    .text.GetTS_IRQ     temp.o
    0x00002684   0x00002684   0x0000001c   Code   RO           33    .text.HFDET_IRQHandler  mf_config.o
    0x000026a0   0x000026a0   0x00000034   Code   RO           78    .text.I2C_Start     i2c_bitbang.o
    0x000026d4   0x000026d4   0x0000002c   Code   RO           80    .text.I2C_Stop      i2c_bitbang.o
    0x00002700   0x00002700   0x0000007c   Code   RO           82    .text.I2C_WriteByte  i2c_bitbang.o
    0x0000277c   0x0000277c   0x000000d0   Code   RO           35    .text.MF_Clock_Init  mf_config.o
    0x0000284c   0x0000284c   0x00000154   Code   RO           37    .text.MF_Config_Init  mf_config.o
    0x000029a0   0x000029a0   0x000000bc   Code   RO           11    .text.MF_GPIO_Init  mf_config.o
    0x00002a5c   0x00002a5c   0x00000026   Code   RO          119    .text.OLED_Clear    oled_i2c.o
    0x00002a82   0x00002a82   0x00000002   PAD
    0x00002a84   0x00002a84   0x00000034   Code   RO          109    .text.OLED_HardwareReset  oled_i2c.o
    0x00002ab8   0x00002ab8   0x000002ea   Code   RO          121    .text.OLED_Init     oled_i2c.o
    0x00002da2   0x00002da2   0x000000ba   Code   RO          117    .text.OLED_SetCursor  oled_i2c.o
    0x00002e5c   0x00002e5c   0x00000060   Code   RO           94    .text.OLED_ShowText  oled_draw.o
    0x00002ebc   0x00002ebc   0x00000020   Code   RO          113    .text.OLED_WriteData  oled_i2c.o
    0x00002edc   0x00002edc   0x00000140   Code   RO          173    .text.SystemCoreClockUpdate  system_fm33lc0xx.o
    0x0000301c   0x0000301c   0x000000f4   Code   RO          175    .text.SystemInit    system_fm33lc0xx.o
    0x00003110   0x00003110   0x000000c4   Code   RO          144    .text.adc_get_channel_voltage  adc.o
    0x000031d4   0x000031d4   0x000000bc   Code   RO          142    .text.get_vrefint_data_IRQ  adc.o
    0x00003290   0x00003290   0x0000008c   Code   RO           51    .text.main          main.o
    0x0000331c   0x0000331c   0x00000030   Code   RO           60    .text.play_beep     buzzer.o
    0x0000334c   0x0000334c   0x00000030   Code   RO           62    .text.play_click    buzzer.o
    0x0000337c   0x0000337c   0x00000034   Code   RO           66    .text.play_click_500us  buzzer.o
    0x000033b0   0x000033b0   0x00000024   Code   RO          155    .text.vbat          batt.o
    0x000033d4   0x000033d4   0x000001f6   Code   RO          770    .text_divfast       c_p.l(aeabi_sdivfast.o)
    0x000035ca   0x000035ca   0x00000030   Code   RO          887    i.__ARM_common_ll_muluu  c_p.l(btod.o)
    0x000035fa   0x000035fa   0x00000002   PAD
    0x000035fc   0x000035fc   0x0000002c   Code   RO          900    i.__ARM_fpclassify  m_ps.l(fpclassify.o)
    0x00003628   0x00003628   0x0000000e   Code   RO          755    i._is_digit         c_p.l(__printf_wp.o)
    0x00003636   0x00003636   0x00000002   PAD
    0x00003638   0x00003638   0x0000002c   Code   RO          892    locale$$code        c_p.l(lc_numeric_c.o)
    0x00003664   0x00003664   0x000000b0   Code   RO          825    x$fpl$fmul          fz_ps.l(fmul.o)
    0x00003714   0x00003714   0x00000010   Code   RO          827    x$fpl$printf1       fz_ps.l(printf1.o)
    0x00003724   0x00003724   0x00000000   Code   RO          853    x$fpl$usenofp       fz_ps.l(usenofp.o)
    0x00003724   0x00003724   0x00000080   Data   RO          786    .constdata          fz_ps.l(ddiv.o)
    0x000037a4   0x000037a4   0x00000040   Data   RO          821    .constdata          fz_ps.l(fdiv.o)
    0x000037e4   0x000037e4   0x00000094   Data   RO          883    .constdata          c_p.l(bigflt0.o)
    0x00003878   0x00003878   0x00000299   Data   RO           96    .rodata.ASCII_0708  oled_draw.o
    0x00003b11   0x00003b11   0x000005f0   Data   RO          100    .rodata.ASCII_1608  oled_draw.o
    0x00004101   0x00004101   0x00000003   PAD
    0x00004104   0x00004104   0x00000020   Data   RO         1066    Region$$Table       anon$$obj.o
    0x00004124   0x00004124   0x0000001c   Data   RO          891    locale$$data        c_p.l(lc_numeric_c.o)


    Execution Region RW_IRAM1 (Exec base: 0x20000000, Load base: 0x00004140, Size: 0x00001078, Max: 0x00006000, ABSOLUTE)

    Exec Addr    Load Addr    Size         Type   Attr      Idx    E Section Name        Object

    0x20000000   0x00004140   0x00000004   Data   RW          179    .data.SystemCoreClock  system_fm33lc0xx.o
    0x20000004   0x00004144   0x00000004   Data   RW          178    .data.XTHFClock     system_fm33lc0xx.o
    0x20000008   0x00004148   0x00000004   Data   RW          177    .data.XTLFClock     system_fm33lc0xx.o
    0x2000000c   0x0000414c   0x00000004   PAD
    0x20000010        -       0x00000060   Zero   RW          903    .bss                c_p.l(libspace.o)
    0x20000070        -       0x00000001   Zero   RW          146    .bss.ADCComplete    adc.o
    0x20000071   0x0000414c   0x00000007   PAD
    0x20000078        -       0x00000800   Zero   RW            2    HEAP                startup_fm33lc0xx.o
    0x20000878        -       0x00000800   Zero   RW            1    STACK               startup_fm33lc0xx.o


==============================================================================

Image component sizes


      Code (inc. data)   RO Data    RW Data    ZI Data      Debug   Object Name

       412         36          0          0          1       5131   adc.o
        36          8          0          0          0        532   batt.o
       148          4          0          0          0       2226   buzzer.o
       210         20          0          0          0       3962   fm33lc0xx_fl.o
       528         24          0          0          0       7653   fm33lc0xx_fl_adc.o
       670        160          0          0          0       8113   fm33lc0xx_fl_exti.o
       244         12          0          0          0       7757   fm33lc0xx_fl_gpio.o
       180          4          0          0          0       2483   gpio_interrupt.o
       220          4          0          0          0       2556   i2c_bitbang.o
       140         20          0          0          0        771   main.o
       764         28          0          0          0      11084   mf_config.o
        96         12       2185          0          0       1760   oled_draw.o
      1054          4          0          0          0       4350   oled_i2c.o
        56         26        192          0       4096        752   startup_fm33lc0xx.o
       564        104          0         12          0       3089   system_fm33lc0xx.o
       340         48          0          0          0       3716   temp.o

    ----------------------------------------------------------------------
      5668        514       2412         12       4108      65935   Object Totals
         0          0         32          0          0          0   (incl. Generated)
         6          0          3          0         11          0   (incl. Padding)

    ----------------------------------------------------------------------

      Code (inc. data)   RO Data    RW Data    ZI Data      Debug   Library Member Name

         8          0          0          0          0         68   __main.o
       284          0          0          0          0        136   __printf_wp.o
         0          0          0          0          0          0   __rtentry.o
        12          0          0          0          0          0   __rtentry2.o
         6          0          0          0          0          0   __rtentry4.o
        86         10          0          0          0          0   __scatter.o
        26          0          0          0          0          0   __scatter_copy.o
        28          0          0          0          0          0   __scatter_zi.o
        48          6          0          0          0         88   _printf_char_common.o
        10          0          0          0          0          0   _printf_f.o
      1044         12          0          0          0        116   _printf_fp_dec.o
       136         16          0          0          0         76   _printf_fp_infnan.o
         2          0          0          0          0          0   _printf_percent.o
         4          0          0          0          0          0   _printf_percent_end.o
        16          0          0          0          0         60   _snputc.o
      1006          4          0          0          0        184   aeabi_sdivfast.o
       216          6        148          0          0         80   bigflt0.o
      1456         30          0          0          0        336   btod.o
        16          0          0          0          0         68   exit.o
         6          0          0          0          0        136   heapauxi.o
         0          0          0          0          0          0   indicate_semi.o
        44         10         28          0          0         76   lc_numeric_c.o
         2          0          0          0          0          0   libinit.o
        18          0          0          0          0          0   libinit2.o
         2          0          0          0          0          0   libshutdown.o
         2          0          0          0          0          0   libshutdown2.o
         8          4          0          0         96         68   libspace.o
        48          0          0          0          0         72   llmul.o
       272          0          0          0          0         88   lludiv.o
       122          0          0          0          0         72   lludiv10.o
        64          4          0          0          0         84   noretval__2snprintf.o
         8          4          0          0          0         68   rt_locale_intlibspace.o
         2          0          0          0          0          0   rtexit.o
        10          0          0          0          0          0   rtexit2.o
        40          0          0          0          0         60   rtudiv10.o
       176          4          0          0          0         80   strcmpv6m.o
        12          4          0          0          0         60   sys_exit.o
        62          0          0          0          0         80   sys_stackheap_outer.o
         2          0          0          0          0         68   use_no_semi.o
       124          4          0          0          0         72   d2f.o
       856         20          0          0          0        208   daddsub.o
      1096         26        128          0          0        112   ddiv.o
        88          0          0          0          0         92   dflti.o
        84          4          0          0          0         60   f2d.o
       352         10         64          0          0         92   fdiv.o
        94          0          0          0          0         92   fflti.o
       176          4          0          0          0         80   fmul.o
        16          4          0          0          0         76   printf1.o
         0          0          0          0          0          0   usenofp.o
        44          4          0          0          0         60   fpclassify.o

    ----------------------------------------------------------------------
      8256        190        368          0         96       3168   Library Totals
        22          0          0          0          0          0   (incl. Padding)

    ----------------------------------------------------------------------

      Code (inc. data)   RO Data    RW Data    ZI Data      Debug   Library Name

      5304        114        176          0         96       2224   c_p.l
      2886         72        192          0          0        884   fz_ps.l
        44          4          0          0          0         60   m_ps.l

    ----------------------------------------------------------------------
      8256        190        368          0         96       3168   Library Totals

    ----------------------------------------------------------------------

==============================================================================


      Code (inc. data)   RO Data    RW Data    ZI Data      Debug   

     13924        704       2780         12       4204      67467   Grand Totals
     13924        704       2780         12       4204      67467   ELF Image Totals
     13924        704       2780         12          0          0   ROM Totals

==============================================================================

    Total RO  Size (Code + RO Data)                16704 (  16.31kB)
    Total RW  Size (RW Data + ZI Data)              4216 (   4.12kB)
    Total ROM Size (Code + RO Data + RW Data)      16716 (  16.32kB)

==============================================================================

